Archive member included to satisfy reference by file (symbol)

c:/rt-threadstudio/repo/extract/toolchain_support_packages/risc-v/risc-v-gcc-rv32/2022-04-12/bin/../lib/gcc/riscv32-unknown-elf/11.1.0/../../../../riscv32-unknown-elf/lib\libc_nano.a(lib_a-assert.o)
                              build\board\board.o (__assert_func)
c:/rt-threadstudio/repo/extract/toolchain_support_packages/risc-v/risc-v-gcc-rv32/2022-04-12/bin/../lib/gcc/riscv32-unknown-elf/11.1.0/../../../../riscv32-unknown-elf/lib\libc_nano.a(lib_a-atoi.o)
                              build\kernel\components\drivers\pin\dev_pin.o (atoi)
c:/rt-threadstudio/repo/extract/toolchain_support_packages/risc-v/risc-v-gcc-rv32/2022-04-12/bin/../lib/gcc/riscv32-unknown-elf/11.1.0/../../../../riscv32-unknown-elf/lib\libc_nano.a(lib_a-ctype_.o)
                              build\kernel\components\libc\compilers\common\cstring.o (_ctype_)
c:/rt-threadstudio/repo/extract/toolchain_support_packages/risc-v/risc-v-gcc-rv32/2022-04-12/bin/../lib/gcc/riscv32-unknown-elf/11.1.0/../../../../riscv32-unknown-elf/lib\libc_nano.a(lib_a-fprintf.o)
                              c:/rt-threadstudio/repo/extract/toolchain_support_packages/risc-v/risc-v-gcc-rv32/2022-04-12/bin/../lib/gcc/riscv32-unknown-elf/11.1.0/../../../../riscv32-unknown-elf/lib\libc_nano.a(lib_a-assert.o) (fiprintf)
c:/rt-threadstudio/repo/extract/toolchain_support_packages/risc-v/risc-v-gcc-rv32/2022-04-12/bin/../lib/gcc/riscv32-unknown-elf/11.1.0/../../../../riscv32-unknown-elf/lib\libc_nano.a(lib_a-impure.o)
                              c:/rt-threadstudio/repo/extract/toolchain_support_packages/risc-v/risc-v-gcc-rv32/2022-04-12/bin/../lib/gcc/riscv32-unknown-elf/11.1.0/../../../../riscv32-unknown-elf/lib\libc_nano.a(lib_a-assert.o) (_impure_ptr)
c:/rt-threadstudio/repo/extract/toolchain_support_packages/risc-v/risc-v-gcc-rv32/2022-04-12/bin/../lib/gcc/riscv32-unknown-elf/11.1.0/../../../../riscv32-unknown-elf/lib\libc_nano.a(lib_a-malloc.o)
                              build\kernel\components\libc\compilers\common\cstring.o (malloc)
c:/rt-threadstudio/repo/extract/toolchain_support_packages/risc-v/risc-v-gcc-rv32/2022-04-12/bin/../lib/gcc/riscv32-unknown-elf/11.1.0/../../../../riscv32-unknown-elf/lib\libc_nano.a(lib_a-memcmp.o)
                              build\kernel\components\finsh\shell.o (memcmp)
c:/rt-threadstudio/repo/extract/toolchain_support_packages/risc-v/risc-v-gcc-rv32/2022-04-12/bin/../lib/gcc/riscv32-unknown-elf/11.1.0/../../../../riscv32-unknown-elf/lib\libc_nano.a(lib_a-memcpy-asm.o)
                              build\libraries\third_party\RT-Thread-Insight\RT-Tunnel\CherryRB\chry_ringbuffer.o (memcpy)
c:/rt-threadstudio/repo/extract/toolchain_support_packages/risc-v/risc-v-gcc-rv32/2022-04-12/bin/../lib/gcc/riscv32-unknown-elf/11.1.0/../../../../riscv32-unknown-elf/lib\libc_nano.a(lib_a-memset.o)
                              build\libraries\hpm_sdk\drivers\src\hpm_dmav2_drv.o (memset)
c:/rt-threadstudio/repo/extract/toolchain_support_packages/risc-v/risc-v-gcc-rv32/2022-04-12/bin/../lib/gcc/riscv32-unknown-elf/11.1.0/../../../../riscv32-unknown-elf/lib\libc_nano.a(lib_a-nano-vfprintf_float.o)
                              (_printf_float)
c:/rt-threadstudio/repo/extract/toolchain_support_packages/risc-v/risc-v-gcc-rv32/2022-04-12/bin/../lib/gcc/riscv32-unknown-elf/11.1.0/../../../../riscv32-unknown-elf/lib\libc_nano.a(lib_a-nano-vfprintf_i.o)
                              c:/rt-threadstudio/repo/extract/toolchain_support_packages/risc-v/risc-v-gcc-rv32/2022-04-12/bin/../lib/gcc/riscv32-unknown-elf/11.1.0/../../../../riscv32-unknown-elf/lib\libc_nano.a(lib_a-nano-vfprintf_float.o) (_printf_common)
c:/rt-threadstudio/repo/extract/toolchain_support_packages/risc-v/risc-v-gcc-rv32/2022-04-12/bin/../lib/gcc/riscv32-unknown-elf/11.1.0/../../../../riscv32-unknown-elf/lib\libc_nano.a(lib_a-nano-vfprintf.o)
                              c:/rt-threadstudio/repo/extract/toolchain_support_packages/risc-v/risc-v-gcc-rv32/2022-04-12/bin/../lib/gcc/riscv32-unknown-elf/11.1.0/../../../../riscv32-unknown-elf/lib\libc_nano.a(lib_a-fprintf.o) (_vfprintf_r)
c:/rt-threadstudio/repo/extract/toolchain_support_packages/risc-v/risc-v-gcc-rv32/2022-04-12/bin/../lib/gcc/riscv32-unknown-elf/11.1.0/../../../../riscv32-unknown-elf/lib\libc_nano.a(lib_a-nano-vfscanf_float.o)
                              (_scanf_float)
c:/rt-threadstudio/repo/extract/toolchain_support_packages/risc-v/risc-v-gcc-rv32/2022-04-12/bin/../lib/gcc/riscv32-unknown-elf/11.1.0/../../../../riscv32-unknown-elf/lib\libc_nano.a(lib_a-printf.o)
                              build\board\board.o (printf)
c:/rt-threadstudio/repo/extract/toolchain_support_packages/risc-v/risc-v-gcc-rv32/2022-04-12/bin/../lib/gcc/riscv32-unknown-elf/11.1.0/../../../../riscv32-unknown-elf/lib\libc_nano.a(lib_a-puts.o)
                              build\board\board.o (puts)
[...]
Memory Configuration

Name             Origin             Length             Attributes
XPI0             0x0000000080000000 0x0000000000100000 xr
ILM              0x0000000000000000 0x0000000000020000 xw
DLM              0x0000000000200000 0x0000000000020000 w
AXI_SRAM         0x0000000001200000 0x0000000000040000 xw
AHB_SRAM         0x00000000f0200000 0x0000000000008000 w
*default*        0x0000000000000000 0xffffffffffffffff

Linker script and memory map

LOAD build\applications\main.o
LOAD build\board\board.o
LOAD build\board\fal_flash_port.o
LOAD build\board\pinmux.o
LOAD build\board\rtt_board.o
LOAD build\libraries\drivers\drv_gpio.o
LOAD build\libraries\drivers\drv_uart_v2.o
LOAD build\libraries\hpm_sdk\arch\riscv\l1c\hpm_l1c_drv.o
LOAD libraries\hpm_sdk\components\debug_console\hpm_debug_console.o
LOAD libraries\hpm_sdk\components\dma_mgr\hpm_dma_mgr.o
LOAD build\libraries\hpm_sdk\drivers\src\hpm_dmav2_drv.o
LOAD build\libraries\hpm_sdk\drivers\src\hpm_gpio_drv.o
LOAD build\libraries\hpm_sdk\drivers\src\hpm_pcfg_drv.o
LOAD build\libraries\hpm_sdk\drivers\src\hpm_pllctlv2_drv.o
LOAD build\libraries\hpm_sdk\drivers\src\hpm_pmp_drv.o
LOAD build\libraries\hpm_sdk\drivers\src\hpm_uart_drv.o
LOAD build\libraries\hpm_sdk\soc\HPM5E00\HPM5E31\boot\hpm_bootheader.o
LOAD build\libraries\hpm_sdk\soc\HPM5E00\HPM5E31\hpm_clock_drv.o
LOAD build\libraries\hpm_sdk\soc\HPM5E00\HPM5E31\hpm_otp_drv.o
LOAD build\libraries\hpm_sdk\soc\HPM5E00\HPM5E31\hpm_sysctl_drv.o
LOAD build\libraries\hpm_sdk\soc\HPM5E00\HPM5E31\system.o
LOAD build\libraries\hpm_sdk\utils\hpm_sbrk.o
LOAD build\libraries\misc\rtt_hw_util\hpm_rtt_hw_util.o
LOAD build\libraries\misc\rtt_interrupt_util\hpm_rtt_interrupt_util.o
LOAD build\libraries\misc\rtt_os_tick\hpm_rtt_os_tick.o
LOAD build\libraries\misc\toolchain_stub\toolchain_lowlevel_impl.o
LOAD build\libraries\third_party\RT-Thread-Insight\RT-Tunnel\CherryRB\chry_ringbuffer.o
LOAD build\kernel\components\libc\compilers\common\cctype.o
LOAD build\kernel\components\libc\compilers\common\cstdlib.o
LOAD build\kernel\components\libc\compilers\common\cstring.o
LOAD build\kernel\components\libc\compilers\common\ctime.o
LOAD build\kernel\components\libc\compilers\common\cunistd.o
LOAD build\kernel\components\libc\compilers\common\cwchar.o
LOAD build\kernel\components\libc\compilers\newlib\syscalls.o
LOAD build\kernel\libcpu\risc-v\common\context_gcc.o
LOAD build\kernel\libcpu\risc-v\common\cpuport.o
LOAD build\kernel\libcpu\risc-v\common\interrupt_gcc.o
LOAD build\kernel\libcpu\risc-v\common\trap_common.o
LOAD build\kernel\src\klibc\kerrno.o
LOAD build\kernel\src\klibc\kstdio.o
LOAD build\kernel\src\klibc\kstring.o
LOAD build\kernel\src\klibc\rt_vsnprintf_tiny.o
LOAD build\kernel\src\klibc\rt_vsscanf.o
LOAD startup\HPM5E31\startup.o
LOAD startup\HPM5E31\toolchains\gcc\port_gcc.o
LOAD startup\HPM5E31\toolchains\gcc\start.o
LOAD startup\HPM5E31\trap.o
LOAD build\kernel\components\drivers\core\device.o
LOAD build\kernel\components\drivers\ipc\completion_comm.o
LOAD build\kernel\components\drivers\ipc\completion_up.o
LOAD build\kernel\components\drivers\ipc\condvar.o
LOAD build\kernel\components\drivers\ipc\dataqueue.o
LOAD build\kernel\components\drivers\ipc\pipe.o
LOAD build\kernel\components\drivers\ipc\ringblk_buf.o
LOAD build\kernel\components\drivers\ipc\ringbuffer.o
LOAD build\kernel\components\drivers\ipc\waitqueue.o
LOAD build\kernel\components\drivers\ipc\workqueue.o
LOAD build\kernel\components\drivers\pin\dev_pin.o
LOAD build\kernel\components\drivers\serial\dev_serial_v2.o
LOAD build\kernel\components\finsh\cmd.o
LOAD build\kernel\components\finsh\msh.o
LOAD build\kernel\components\finsh\msh_parse.o
LOAD build\kernel\components\finsh\shell.o
LOAD build\kernel\src\clock.o
LOAD build\kernel\src\components.o
LOAD build\kernel\src\cpu_up.o
LOAD build\kernel\src\defunct.o
LOAD build\kernel\src\idle.o
LOAD build\kernel\src\ipc.o
LOAD build\kernel\src\irq.o
LOAD build\kernel\src\kservice.o
LOAD build\kernel\src\mem.o
LOAD build\kernel\src\mempool.o
LOAD build\kernel\src\object.o
LOAD build\kernel\src\scheduler_comm.o
LOAD build\kernel\src\scheduler_up.o
LOAD build\kernel\src\thread.o
LOAD build\kernel\src\timer.o
LOAD c:/rt-threadstudio/repo/extract/toolchain_support_packages/risc-v/risc-v-gcc-rv32/2022-04-12/bin/../lib/gcc/riscv32-unknown-elf/11.1.0/../../../../riscv32-unknown-elf/lib\libc_nano.a
LOAD c:/rt-threadstudio/repo/extract/toolchain_support_packages/risc-v/risc-v-gcc-rv32/2022-04-12/bin/../lib/gcc/riscv32-unknown-elf/11.1.0/../../../../riscv32-unknown-elf/lib\libm_nano.a
LOAD c:/rt-threadstudio/repo/extract/toolchain_support_packages/risc-v/risc-v-gcc-rv32/2022-04-12/bin/../lib/gcc/riscv32-unknown-elf/11.1.0\libgcc.a
LOAD c:/rt-threadstudio/repo/extract/toolchain_support_packages/risc-v/risc-v-gcc-rv32/2022-04-12/bin/../lib/gcc/riscv32-unknown-elf/11.1.0/../../../../riscv32-unknown-elf/lib\libc_nano.a
LOAD c:/rt-threadstudio/repo/extract/toolchain_support_packages/risc-v/risc-v-gcc-rv32/2022-04-12/bin/../lib/gcc/riscv32-unknown-elf/11.1.0\libgcc.a
START GROUP
LOAD c:/rt-threadstudio/repo/extract/toolchain_support_packages/risc-v/risc-v-gcc-rv32/2022-04-12/bin/../lib/gcc/riscv32-unknown-elf/11.1.0\libgcc.a
LOAD c:/rt-threadstudio/repo/extract/toolchain_support_packages/risc-v/risc-v-gcc-rv32/2022-04-12/bin/../lib/gcc/riscv32-unknown-elf/11.1.0/../../../../riscv32-unknown-elf/lib\libc_nano.a
LOAD c:/rt-threadstudio/repo/extract/toolchain_support_packages/risc-v/risc-v-gcc-rv32/2022-04-12/bin/../lib/gcc/riscv32-unknown-elf/11.1.0/../../../../riscv32-unknown-elf/lib\libnosys.a
END GROUP
START GROUP
LOAD c:/rt-threadstudio/repo/extract/toolchain_support_packages/risc-v/risc-v-gcc-rv32/2022-04-12/bin/../lib/gcc/riscv32-unknown-elf/11.1.0\libgcc.a
LOAD c:/rt-threadstudio/repo/extract/toolchain_support_packages/risc-v/risc-v-gcc-rv32/2022-04-12/bin/../lib/gcc/riscv32-unknown-elf/11.1.0/../../../../riscv32-unknown-elf/lib\libc_nano.a
LOAD c:/rt-threadstudio/repo/extract/toolchain_support_packages/risc-v/risc-v-gcc-rv32/2022-04-12/bin/../lib/gcc/riscv32-unknown-elf/11.1.0/../../../../riscv32-unknown-elf/lib\libnosys.a
END GROUP
                0x0000000000004000                STACK_SIZE = DEFINED (_stack_size)?_stack_size:0x4000
                0x0000000000020000                HEAP_SIZE = DEFINED (_heap_size)?_heap_size:0x20000
                0x0000000000100000                FLASH_SIZE = DEFINED (_flash_size)?_flash_size:0x100000
                0x0000000080000400                __nor_cfg_option_load_addr__ = (ORIGIN (XPI0) + 0x400)
                0x0000000080001000                __boot_header_load_addr__ = (ORIGIN (XPI0) + 0x1000)
                0x0000000080003000                __app_load_addr__ = (ORIGIN (XPI0) + 0x3000)
                0x0000000000000090                __boot_header_length__ = (__boot_header_end__ - __boot_header_start__)
                0x0000000000002000                __app_offset__ = (__app_load_addr__ - __boot_header_load_addr__)

.nor_cfg_option
                0x0000000080000400       0x10
 *(.nor_cfg_option)
 .nor_cfg_option
                0x0000000080000400       0x10 build\board\board.o
                0x0000000080000400                option

.boot_header    0x0000000080001000       0x90
                0x0000000080001000                __boot_header_start__ = .
 *(.boot_header)
 .boot_header   0x0000000080001000       0x10 build\libraries\hpm_sdk\soc\HPM5E00\HPM5E31\boot\hpm_bootheader.o
                0x0000000080001000                header
 *(.fw_info_table)
 .fw_info_table
                0x0000000080001010       0x80 build\libraries\hpm_sdk\soc\HPM5E00\HPM5E31\boot\hpm_bootheader.o
                0x0000000080001010                fw_info
 *(.dc_info)
                0x0000000080001090                __boot_header_end__ = .

.start          0x0000000080003000       0x40
                0x0000000080003000                . = ALIGN (0x8)
 *(.start)
 .start         0x0000000080003000       0x38 startup\HPM5E31\toolchains\gcc\start.o
                0x0000000080003000                _start
                0x0000000080003030                nmi_handler
                0x0000000080003034                default_isr_17
                0x0000000080003034                default_isr_61
                0x0000000080003034                default_isr_35
                0x0000000080003034                default_isr_41
                0x0000000080003034                default_isr_66
                0x0000000080003034                default_isr_68
                0x0000000080003034                default_isr_25
                0x0000000080003034                default_isr_76
                0x0000000080003034                default_isr_31
                0x0000000080003034                default_isr_53
                0x0000000080003034                default_isr_27
                0x0000000080003034                default_isr_71
                0x0000000080003034                default_isr_38
                0x0000000080003034                default_isr_73
                0x0000000080003034                default_isr_20
                0x0000000080003034                default_isr_13
                0x0000000080003034                default_isr_58
                0x0000000080003034                default_isr_55
                0x0000000080003034                default_isr_46
                0x0000000080003034                default_isr_75
                0x0000000080003034                default_isr_30
                0x0000000080003034                default_isr_48
                0x0000000080003034                default_isr_78
                0x0000000080003034                default_isr_33
                0x0000000080003034                default_isr_16
                0x0000000080003034                default_isr_28
                0x0000000080003034                default_isr_62
                0x0000000080003034                default_isr_63
                0x0000000080003034                default_isr_52
                0x0000000080003034                default_isr_50
                0x0000000080003034                default_isr_69
                0x0000000080003034                default_isr_26
                0x0000000080003034                default_isr_77
                0x0000000080003034                default_isr_32
                0x0000000080003034                default_isr_70
                0x0000000080003034                default_isr_43
                0x0000000080003034                default_isr_11
                0x0000000080003034                default_isr_56
                0x0000000080003034                default_irq_handler
                0x0000000080003034                default_isr_60
                0x0000000080003034                default_isr_49
                0x0000000080003034                default_isr_72
                0x0000000080003034                default_isr_74
                0x0000000080003034                default_isr_47
                0x0000000080003034                default_isr_18
                0x0000000080003034                default_isr_65
                0x0000000080003034                default_isr_22
                0x0000000080003034                default_isr_42
                0x0000000080003034                default_isr_79
                0x0000000080003034                default_isr_34
                0x0000000080003034                default_isr_36
                0x0000000080003034                default_isr_24
                0x0000000080003034                default_isr_29
                0x0000000080003034                default_isr_15
                0x0000000080003034                default_isr_51
                0x0000000080003034                default_isr_37
                0x0000000080003034                default_isr_39
                0x0000000080003034                default_isr_12
                0x0000000080003034                default_isr_44
                0x0000000080003034                default_isr_57
                0x0000000080003034                default_isr_64
                0x0000000080003034                default_isr_21
                0x0000000080003034                default_isr_59
                0x0000000080003034                default_isr_54
                0x0000000080003034                default_isr_45
                0x0000000080003040                . = ALIGN (0x10)
 *fill*         0x0000000080003038        0x8 
                0x0000000080003040                __vector_load_addr__ = (ADDR (.start) + SIZEOF (.start))

.vectors        0x0000000000000000      0x370 load address 0x0000000080003040
                0x0000000000000000                . = ALIGN (0x10)
                0x0000000000000000                __vector_ram_start__ = .
 *(.vector_table)
 .vector_table  0x0000000000000000      0x140 startup\HPM5E31\toolchains\gcc\start.o
                0x0000000000000000                __vector_table
 *(.isr_vector)
 .isr_vector    0x0000000000000140       0x38 build\board\board.o
                0x0000000000000140                board_timer_isr
                0x000000000000016c                default_isr_14
 .isr_vector    0x0000000000000178      0x140 build\libraries\drivers\drv_gpio.o
                0x0000000000000178                gpioA_isr
                0x000000000000018c                default_isr_1
                0x0000000000000198                gpioB_isr
                0x00000000000001ac                default_isr_2
                0x00000000000001b8                gpioC_isr
                0x00000000000001cc                default_isr_3
                0x00000000000001d8                gpioD_isr
                0x00000000000001ec                default_isr_4
                0x00000000000001f8                gpioE_isr
                0x000000000000020c                default_isr_5
                0x0000000000000218                gpioF_isr
                0x000000000000022c                default_isr_6
                0x0000000000000238                gpioV_isr
                0x000000000000024c                default_isr_7
                0x0000000000000258                gpioW_isr
                0x000000000000026c                default_isr_8
                0x0000000000000278                gpioX_isr
                0x000000000000028c                default_isr_9
                0x0000000000000298                gpioY_isr
                0x00000000000002ac                default_isr_10
 .isr_vector    0x00000000000002b8       0x44 build\libraries\drivers\drv_uart_v2.o
                0x00000000000002b8                uart0_isr
                0x00000000000002ce                default_isr_19
                0x00000000000002da                uart4_isr
                0x00000000000002f0                default_isr_23
 .isr_vector    0x00000000000002fc       0x3c libraries\hpm_sdk\components\dma_mgr\hpm_dma_mgr.o
                0x00000000000002fc                dma0_isr
                0x000000000000030e                default_isr_40
                0x000000000000031a                dma1_isr
                0x000000000000032c                default_isr_67
 .isr_vector    0x0000000000000338       0x2e build\libraries\misc\rtt_os_tick\hpm_rtt_os_tick.o
                0x0000000000000338                mchtmr_isr
                0x0000000000000370                . = ALIGN (0x10)
 *fill*         0x0000000000000366        0xa 
                0x0000000000000370                __vector_ram_end__ = .

.fast           0x0000000000000370     0xa1f0 load address 0x0000000080014b48
                0x0000000000000370                . = ALIGN (0x10)
                0x0000000000000370                __ramfunc_start__ = .
 *(.fast)
 .fast          0x0000000000000370      0x20a libraries\hpm_sdk\components\dma_mgr\hpm_dma_mgr.o
                0x0000000000000370                dma_mgr_isr_handler
 *(.fast.*)
                0x0000000000000580                . = ALIGN (0x10)
 *fill*         0x000000000000057a        0x6 
 *context_gcc.o(.text* .rodata*)
 .text          0x0000000000000580        0x0 build\kernel\libcpu\risc-v\common\context_gcc.o
 .text.context_gcc
                0x0000000000000580       0xd2 build\kernel\libcpu\risc-v\common\context_gcc.o
                0x0000000000000580                rt_hw_interrupt_disable
                0x0000000000000586                rt_hw_interrupt_enable
                0x000000000000058c                rt_hw_context_switch_to
                0x00000000000005a4                rt_hw_context_switch
                0x00000000000005fa                rt_hw_context_switch_exit
 *port*.o(.text .text* .rodata .rodata*)
 .text          0x0000000000000652        0x0 build\board\fal_flash_port.o
 .text          0x0000000000000652        0x0 build\kernel\libcpu\risc-v\common\cpuport.o
 .text.rt_hw_stack_init
                0x0000000000000652       0x40 build\kernel\libcpu\risc-v\common\cpuport.o
                0x0000000000000652                rt_hw_stack_init
 .text.rt_trigger_software_interrupt
                0x0000000000000692        0x2 build\kernel\libcpu\risc-v\common\cpuport.o
                0x0000000000000692                rt_trigger_software_interrupt
 .text.rt_hw_do_after_save_above
                0x0000000000000694        0x2 build\kernel\libcpu\risc-v\common\cpuport.o
 .text.rt_hw_context_switch_interrupt
                0x0000000000000696       0x30 build\kernel\libcpu\risc-v\common\cpuport.o
                0x0000000000000696                rt_hw_context_switch_interrupt
 .text          0x00000000000006c6        0x0 startup\HPM5E31\toolchains\gcc\port_gcc.o
 *fill*         0x00000000000006c6        0x2 
 .text.entry    0x00000000000006c8       0x1e startup\HPM5E31\toolchains\gcc\port_gcc.o
                0x00000000000006c8                rt_hw_do_after_save_above
 *interrupt_gcc.o(.text .text* .rodata .rodata*)
 .text          0x00000000000006e6        0x0 build\kernel\libcpu\risc-v\common\interrupt_gcc.o
 *fill*         0x00000000000006e6        0x2 
 .text.entry    0x00000000000006e8       0xe6 build\kernel\libcpu\risc-v\common\interrupt_gcc.o
                0x00000000000006e8                SW_handler
 *fill*         0x00000000000007ce        0x2 
 .text.trap_entry
                0x00000000000007d0       0x8c build\kernel\libcpu\risc-v\common\interrupt_gcc.o
 *trap_common.o(.text .text* .rodata .rodata*)
 .text          0x000000000000085c        0x0 build\kernel\libcpu\risc-v\common\trap_common.o
 *fill*         0x000000000000085c        0x0 
 .rodata.rt_hw_interrupt_handle.str1.4
                0x000000000000085c       0x25 build\kernel\libcpu\risc-v\common\trap_common.o
 *fill*         0x0000000000000881        0x1 
 .text.rt_hw_interrupt_handle
                0x0000000000000882       0x16 build\kernel\libcpu\risc-v\common\trap_common.o
                0x0000000000000882                rt_hw_interrupt_handle
 .text.rt_hw_interrupt_init
                0x0000000000000898       0x2a build\kernel\libcpu\risc-v\common\trap_common.o
                0x0000000000000898                rt_hw_interrupt_init
 .text.rt_hw_interrupt_install
                0x00000000000008c2       0x30 build\kernel\libcpu\risc-v\common\trap_common.o
                0x00000000000008c2                rt_hw_interrupt_install
 .text.rt_hw_rv32_interrupt_service
                0x00000000000008f2       0x1e build\kernel\libcpu\risc-v\common\trap_common.o
                0x00000000000008f2                rt_hw_rv32_interrupt_service
 *fill*         0x0000000000000910        0x0 
 .rodata.rt_show_stack_frame.str1.4
                0x0000000000000910      0x18f build\kernel\libcpu\risc-v\common\trap_common.o
 *fill*         0x0000000000000a9f        0x1 
 .text.rt_show_stack_frame
                0x0000000000000aa0       0xea build\kernel\libcpu\risc-v\common\trap_common.o
 .text.rt_rv32_system_irq_handler
                0x0000000000000b8a       0x3a build\kernel\libcpu\risc-v\common\trap_common.o
                0x0000000000000b8a                rt_rv32_system_irq_handler
 *irq.o(.text .text* .rodata .rodata*)
 .text          0x0000000000000bc4        0x0 build\kernel\src\irq.o
 .text.rt_interrupt_enter_sethook
                0x0000000000000bc4        0xa build\kernel\src\irq.o
                0x0000000000000bc4                rt_interrupt_enter_sethook
 .text.rt_interrupt_leave_sethook
                0x0000000000000bce        0xa build\kernel\src\irq.o
                0x0000000000000bce                rt_interrupt_leave_sethook
 .text.rt_interrupt_enter
                0x0000000000000bd8       0x2a build\kernel\src\irq.o
                0x0000000000000bd8                rt_interrupt_enter
 .text.rt_interrupt_leave
                0x0000000000000c02       0x2a build\kernel\src\irq.o
                0x0000000000000c02                rt_interrupt_leave
 .text.rt_interrupt_get_nest
                0x0000000000000c2c       0x2c build\kernel\src\irq.o
                0x0000000000000c2c                rt_interrupt_get_nest
 .text.rt_hw_interrupt_is_disabled
                0x0000000000000c58        0x4 build\kernel\src\irq.o
                0x0000000000000c58                rt_hw_interrupt_is_disabled
 *clock.o(.text .text* .rodata .rodata*)
 .text          0x0000000000000c5c        0x0 build\kernel\src\clock.o
 .text.rt_tick_sethook
                0x0000000000000c5c        0xa build\kernel\src\clock.o
                0x0000000000000c5c                rt_tick_sethook
 .text.rt_tick_get
                0x0000000000000c66       0x1c build\kernel\src\clock.o
                0x0000000000000c66                rt_tick_get
 .text.rt_tick_get_delta
                0x0000000000000c82       0x1c build\kernel\src\clock.o
                0x0000000000000c82                rt_tick_get_delta
 .text.rt_tick_set
                0x0000000000000c9e       0x20 build\kernel\src\clock.o
                0x0000000000000c9e                rt_tick_set
 *fill*         0x0000000000000cbe        0x2 
 .rodata.rt_tick_increase.str1.4
                0x0000000000000cc0       0x1c build\kernel\src\clock.o
 .text.rt_tick_increase
                0x0000000000000cdc       0x56 build\kernel\src\clock.o
                0x0000000000000cdc                rt_tick_increase
 .text.rt_tick_increase_tick
                0x0000000000000d32       0x5c build\kernel\src\clock.o
                0x0000000000000d32                rt_tick_increase_tick
 .text.rt_tick_from_millisecond
                0x0000000000000d8e        0xa build\kernel\src\clock.o
                0x0000000000000d8e                rt_tick_from_millisecond
 .text.rt_tick_get_millisecond
                0x0000000000000d98        0xc build\kernel\src\clock.o
                0x0000000000000d98                rt_tick_get_millisecond
 *fill*         0x0000000000000da4        0x0 
 .rodata.__FUNCTION__.0
                0x0000000000000da4       0x16 build\kernel\src\clock.o
 *fill*         0x0000000000000dba        0x2 
 .rodata.__FUNCTION__.1
                0x0000000000000dbc       0x11 build\kernel\src\clock.o
 *kservice.o(.text .text* .rodata .rodata*)
 *fill*         0x0000000000000dcd        0x1 
 .text          0x0000000000000dce        0x0 build\kernel\src\kservice.o
 *fill*         0x0000000000000dce        0x2 
 .rodata.rt_hw_cpu_arch.str1.4
                0x0000000000000dd0        0x8 build\kernel\src\kservice.o
 .text.rt_hw_cpu_arch
                0x0000000000000dd8        0x8 build\kernel\src\kservice.o
                0x0000000000000dd8                rt_hw_cpu_arch
 .text.rt_console_get_device
                0x0000000000000de0        0xa build\kernel\src\kservice.o
                0x0000000000000de0                rt_console_get_device
 .text.rt_console_set_device
                0x0000000000000dea       0x4e build\kernel\src\kservice.o
                0x0000000000000dea                rt_console_set_device
 .text.rt_hw_console_output
                0x0000000000000e38        0x2 build\kernel\src\kservice.o
 .text._kputs   0x0000000000000e3a       0x34 build\kernel\src\kservice.o
 .text.rt_kputs
                0x0000000000000e6e       0x22 build\kernel\src\kservice.o
                0x0000000000000e6e                rt_kputs
 .text.rt_kprintf
                0x0000000000000e90       0x52 build\kernel\src\kservice.o
                0x0000000000000e90                rt_kprintf
 *fill*         0x0000000000000ee2        0x2 
 .rodata.rt_hw_us_delay.str1.4
                0x0000000000000ee4       0x92 build\kernel\src\kservice.o
 .text.rt_hw_us_delay
                0x0000000000000f76       0x22 build\kernel\src\kservice.o
 .rodata.rt_hw_cpu_reset.str1.4
                0x0000000000000f98       0x71 build\kernel\src\kservice.o
 *fill*         0x0000000000001009        0x1 
 .text.rt_hw_cpu_reset
                0x000000000000100a       0x22 build\kernel\src\kservice.o
 .rodata.rt_hw_backtrace_frame_get.str1.4
                0x000000000000102c       0x16 build\kernel\src\kservice.o
 .text.rt_hw_backtrace_frame_get
                0x0000000000001042       0x2c build\kernel\src\kservice.o
                0x0000000000001042                rt_hw_backtrace_frame_get
 .text.rt_hw_backtrace_frame_unwind
                0x000000000000106e       0x2c build\kernel\src\kservice.o
                0x000000000000106e                rt_hw_backtrace_frame_unwind
 *fill*         0x000000000000109a        0x2 
 .rodata.rt_show_version.str1.4
                0x000000000000109c       0x96 build\kernel\src\kservice.o
 .text.rt_show_version
                0x0000000000001132       0x3c build\kernel\src\kservice.o
                0x0000000000001132                rt_show_version
 *fill*         0x000000000000116e        0x2 
 .rodata.rt_backtrace_frame.str1.4
                0x0000000000001170       0x37 build\kernel\src\kservice.o
                                         0x3a (size before relaxing)
 *fill*         0x00000000000011a7        0x1 
 .text.rt_backtrace_frame
                0x00000000000011a8       0x4a build\kernel\src\kservice.o
                0x00000000000011a8                rt_backtrace_frame
 .text.rt_backtrace
                0x00000000000011f2       0x36 build\kernel\src\kservice.o
                0x00000000000011f2                rt_backtrace
 .text.rt_backtrace_formatted_print
                0x0000000000001228       0x48 build\kernel\src\kservice.o
                0x0000000000001228                rt_backtrace_formatted_print
 .text.rt_backtrace_thread
                0x0000000000001270       0x24 build\kernel\src\kservice.o
                0x0000000000001270                rt_backtrace_thread
 .rodata.cmd_backtrace.str1.4
                0x0000000000001294       0xe2 build\kernel\src\kservice.o
 .text.cmd_backtrace
                0x0000000000001376       0x88 build\kernel\src\kservice.o
 .text.rt_malloc_sethook
                0x00000000000013fe        0xa build\kernel\src\kservice.o
                0x00000000000013fe                rt_malloc_sethook
 .text.rt_realloc_set_entry_hook
                0x0000000000001408        0xa build\kernel\src\kservice.o
                0x0000000000001408                rt_realloc_set_entry_hook
 .text.rt_realloc_set_exit_hook
                0x0000000000001412        0xa build\kernel\src\kservice.o
                0x0000000000001412                rt_realloc_set_exit_hook
 .text.rt_free_sethook
                0x000000000000141c        0xa build\kernel\src\kservice.o
                0x000000000000141c                rt_free_sethook
 .text.__rt_ffs
                0x0000000000001426       0x68 build\kernel\src\kservice.o
                0x0000000000001426                __rt_ffs
 .text.rt_assert_set_hook
                0x000000000000148e        0xa build\kernel\src\kservice.o
                0x000000000000148e                rt_assert_set_hook
 .rodata.rt_assert_handler.str1.4
                0x0000000000001498       0x37 build\kernel\src\kservice.o
 *fill*         0x00000000000014cf        0x1 
 .text.rt_assert_handler
                0x00000000000014d0       0x38 build\kernel\src\kservice.o
                0x00000000000014d0                rt_assert_handler
 .rodata.rt_hw_cpu_shutdown.str1.4
                0x0000000000001508       0x66 build\kernel\src\kservice.o
                                         0x6a (size before relaxing)
 .text.rt_hw_cpu_shutdown
                0x000000000000156e       0x3e build\kernel\src\kservice.o
                0x000000000000156e                rt_hw_cpu_shutdown
 .rodata.rt_backtrace_to_buffer.str1.4
                0x00000000000015ac       0x3e build\kernel\src\kservice.o
 .text.rt_backtrace_to_buffer
                0x00000000000015ea       0xac build\kernel\src\kservice.o
                0x00000000000015ea                rt_backtrace_to_buffer
 *fill*         0x0000000000001696        0x2 
 .rodata.rt_system_heap_init_generic.str1.4
                0x0000000000001698       0x1d build\kernel\src\kservice.o
 *fill*         0x00000000000016b5        0x1 
 .text.rt_system_heap_init_generic
                0x00000000000016b6       0x60 build\kernel\src\kservice.o
                0x00000000000016b6                rt_system_heap_init_generic
 .text.rt_system_heap_init
                0x0000000000001716        0xc build\kernel\src\kservice.o
                0x0000000000001716                rt_system_heap_init
 *fill*         0x0000000000001722        0x2 
 .rodata.rt_free.str1.4
                0x0000000000001724       0x10 build\kernel\src\kservice.o
 .text.rt_free  0x0000000000001734       0x6a build\kernel\src\kservice.o
                0x0000000000001734                rt_free
 .text.rt_free_align
                0x000000000000179e       0x14 build\kernel\src\kservice.o
                0x000000000000179e                rt_free_align
 .text.rt_memory_info
                0x00000000000017b2       0x8a build\kernel\src\kservice.o
                0x00000000000017b2                rt_memory_info
 .text.rt_malloc
                0x000000000000183c       0x78 build\kernel\src\kservice.o
                0x000000000000183c                rt_malloc
 .text.rt_calloc
                0x00000000000018b4       0x2c build\kernel\src\kservice.o
                0x00000000000018b4                rt_calloc
 .text.rt_malloc_align
                0x00000000000018e0       0x3a build\kernel\src\kservice.o
                0x00000000000018e0                rt_malloc_align
 .text.rt_realloc
                0x000000000000191a       0x8c build\kernel\src\kservice.o
                0x000000000000191a                rt_realloc
 *fill*         0x00000000000019a6        0x2 
 .rodata.__FUNCTION__.0
                0x00000000000019a8        0xd build\kernel\src\kservice.o
 *fill*         0x00000000000019b5        0x3 
 .rodata.__FUNCTION__.1
                0x00000000000019b8       0x1c build\kernel\src\kservice.o
 .rodata.__FUNCTION__.2
                0x00000000000019d4       0x17 build\kernel\src\kservice.o
 *fill*         0x00000000000019eb        0x1 
 .rodata.__FUNCTION__.6
                0x00000000000019ec       0x13 build\kernel\src\kservice.o
 *fill*         0x00000000000019ff        0x1 
 .rodata.__func__.4
                0x0000000000001a00       0x1d build\kernel\src\kservice.o
 *fill*         0x0000000000001a1d        0x3 
 .rodata.__func__.5
                0x0000000000001a20       0x1a build\kernel\src\kservice.o
 *fill*         0x0000000000001a3a        0x2 
 .rodata.__lowest_bit_bitmap
                0x0000000000001a3c      0x100 build\kernel\src\kservice.o
                0x0000000000001a3c                __lowest_bit_bitmap
 .rodata.name   0x0000000000001b3c       0x26 build\kernel\src\kservice.o
                0x0000000000001b3c                __fsym_backtrace_desc
                0x0000000000001b58                __fsym_backtrace_name
 *scheduler.o(.text .text* .rodata .rodata*)
 *trap*.o(.text .text* .rodata .rodata*)
 .text          0x0000000000001b62        0x0 startup\HPM5E31\trap.o
 .text.mchtmr_isr
                0x0000000000001b62        0x2 startup\HPM5E31\trap.o
 .text.mswi_isr
                0x0000000000001b64        0x2 startup\HPM5E31\trap.o
                0x0000000000001b64                mswi_isr
 .text.syscall_handler
                0x0000000000001b66        0x2 startup\HPM5E31\trap.o
                0x0000000000001b66                syscall_handler
 .text.trap_entry
                0x0000000000001b68       0xa0 startup\HPM5E31\trap.o
                0x0000000000001b68                trap_entry
 .text.handle_trap
                0x0000000000001c08        0x2 startup\HPM5E31\trap.o
                0x0000000000001c08                handle_trap
 *idle.o(.text .text* .rodata .rodata*)
 .text          0x0000000000001c0a        0x0 build\kernel\src\idle.o
 .text.idle_thread_entry
                0x0000000000001c0a       0x32 build\kernel\src\idle.o
 .text.rt_thread_idle_sethook
                0x0000000000001c3c       0x64 build\kernel\src\idle.o
                0x0000000000001c3c                rt_thread_idle_sethook
 .text.rt_thread_idle_delhook
                0x0000000000001ca0       0x6a build\kernel\src\idle.o
                0x0000000000001ca0                rt_thread_idle_delhook
 *fill*         0x0000000000001d0a        0x2 
 .rodata.rt_thread_idle_init.str1.4
                0x0000000000001d0c        0x8 build\kernel\src\idle.o
 .text.rt_thread_idle_init
                0x0000000000001d14       0x8a build\kernel\src\idle.o
                0x0000000000001d14                rt_thread_idle_init
 .text.rt_thread_idle_gethandler
                0x0000000000001d9e        0xa build\kernel\src\idle.o
                0x0000000000001d9e                rt_thread_idle_gethandler
 *ipc.o(.text .text* .rodata .rodata*)
 .text          0x0000000000001da8        0x0 build\kernel\src\ipc.o
 .text._sem_object_init
                0x0000000000001da8       0x2a build\kernel\src\ipc.o
 *fill*         0x0000000000001dd2        0x2 
 .rodata._rt_sem_take.str1.4
                0x0000000000001dd4       0xe3 build\kernel\src\ipc.o
                                         0xe7 (size before relaxing)
 *fill*         0x0000000000001eb7        0x1 
 .text._rt_sem_take
                0x0000000000001eb8      0x1be build\kernel\src\ipc.o
 *fill*         0x0000000000002076        0x2 
 .rodata._rt_event_recv.str1.4
                0x0000000000002078       0x57 build\kernel\src\ipc.o
 *fill*         0x00000000000020cf        0x1 
 .text._rt_event_recv
                0x00000000000020d0      0x262 build\kernel\src\ipc.o
 .text._check_and_update_prio
                0x0000000000002332       0x7a build\kernel\src\ipc.o
 *fill*         0x00000000000023ac        0x0 
 .rodata.rt_susp_list_dequeue.str1.4
                0x00000000000023ac       0x15 build\kernel\src\ipc.o
 *fill*         0x00000000000023c1        0x1 
 .text.rt_susp_list_dequeue
                0x00000000000023c2       0x70 build\kernel\src\ipc.o
                0x00000000000023c2                rt_susp_list_dequeue
 *fill*         0x0000000000002432        0x2 
 .rodata._rt_mb_send_wait.str1.4
                0x0000000000002434       0x52 build\kernel\src\ipc.o
 .text._rt_mb_send_wait
                0x0000000000002486      0x27a build\kernel\src\ipc.o
 .text._rt_mb_recv
                0x0000000000002700      0x28a build\kernel\src\ipc.o
 *fill*         0x000000000000298a        0x2 
 .rodata._rt_mq_send_wait.str1.4
                0x000000000000298c       0x62 build\kernel\src\ipc.o
                                         0x76 (size before relaxing)
 .text._rt_mq_send_wait
                0x00000000000029ee      0x2e0 build\kernel\src\ipc.o
 .text._rt_mq_recv
                0x0000000000002cce      0x2e4 build\kernel\src\ipc.o
 .text.rt_susp_list_resume_all
                0x0000000000002fb2       0x26 build\kernel\src\ipc.o
                0x0000000000002fb2                rt_susp_list_resume_all
 .text._mutex_before_delete_detach
                0x0000000000002fd8       0x74 build\kernel\src\ipc.o
 .text.rt_susp_list_resume_all_irq
                0x000000000000304c       0x4a build\kernel\src\ipc.o
                0x000000000000304c                rt_susp_list_resume_all_irq
 .text.rt_susp_list_enqueue
                0x0000000000003096       0xb0 build\kernel\src\ipc.o
                0x0000000000003096                rt_susp_list_enqueue
 *fill*         0x0000000000003146        0x2 
 .rodata._rt_mutex_take.str1.4
                0x0000000000003148       0x70 build\kernel\src\ipc.o
 .text._rt_mutex_take
                0x00000000000031b8      0x5e8 build\kernel\src\ipc.o
 *fill*         0x00000000000037a0        0x0 
 .rodata.rt_susp_list_print.str1.4
                0x00000000000037a0        0xa build\kernel\src\ipc.o
 .text.rt_susp_list_print
                0x00000000000037aa       0x54 build\kernel\src\ipc.o
                0x00000000000037aa                rt_susp_list_print
 *fill*         0x00000000000037fe        0x2 
 .rodata.rt_sem_init.str1.4
                0x0000000000003800       0x4d build\kernel\src\ipc.o
 *fill*         0x000000000000384d        0x1 
 .text.rt_sem_init
                0x000000000000384e       0x90 build\kernel\src\ipc.o
                0x000000000000384e                rt_sem_init
 *fill*         0x00000000000038de        0x2 
 .rodata.rt_sem_detach.str1.4
                0x00000000000038e0       0x2f build\kernel\src\ipc.o
 *fill*         0x000000000000390f        0x1 
 .text.rt_sem_detach
                0x0000000000003910       0xa0 build\kernel\src\ipc.o
                0x0000000000003910                rt_sem_detach
 .text.rt_sem_create
                0x00000000000039b0       0xa0 build\kernel\src\ipc.o
                0x00000000000039b0                rt_sem_create
 *fill*         0x0000000000003a50        0x0 
 .rodata.rt_sem_delete.str1.4
                0x0000000000003a50       0x3b build\kernel\src\ipc.o
 *fill*         0x0000000000003a8b        0x1 
 .text.rt_sem_delete
                0x0000000000003a8c       0xca build\kernel\src\ipc.o
                0x0000000000003a8c                rt_sem_delete
 .text.rt_sem_take
                0x0000000000003b56       0x10 build\kernel\src\ipc.o
                0x0000000000003b56                rt_sem_take
 .text.rt_sem_take_interruptible
                0x0000000000003b66       0x10 build\kernel\src\ipc.o
                0x0000000000003b66                rt_sem_take_interruptible
 .text.rt_sem_take_killable
                0x0000000000003b76       0x10 build\kernel\src\ipc.o
                0x0000000000003b76                rt_sem_take_killable
 .text.rt_sem_trytake
                0x0000000000003b86        0xe build\kernel\src\ipc.o
                0x0000000000003b86                rt_sem_trytake
 .text.rt_sem_release
                0x0000000000003b94       0xc8 build\kernel\src\ipc.o
                0x0000000000003b94                rt_sem_release
 .text.rt_sem_control
                0x0000000000003c5c      0x112 build\kernel\src\ipc.o
                0x0000000000003c5c                rt_sem_control
 .text.rt_mutex_init
                0x0000000000003d6e       0x6e build\kernel\src\ipc.o
                0x0000000000003d6e                rt_mutex_init
 .rodata.rt_mutex_detach.str1.4
                0x0000000000003ddc       0x31 build\kernel\src\ipc.o
 *fill*         0x0000000000003e0d        0x1 
 .text.rt_mutex_detach
                0x0000000000003e0e       0x76 build\kernel\src\ipc.o
                0x0000000000003e0e                rt_mutex_detach
 .rodata.rt_mutex_drop_thread.str1.4
                0x0000000000003e84       0x44 build\kernel\src\ipc.o
 .text.rt_mutex_drop_thread
                0x0000000000003ec8      0x258 build\kernel\src\ipc.o
                0x0000000000003ec8                rt_mutex_drop_thread
 .text.rt_mutex_setprioceiling
                0x0000000000004120      0x1da build\kernel\src\ipc.o
                0x0000000000004120                rt_mutex_setprioceiling
 .text.rt_mutex_getprioceiling
                0x00000000000042fa       0xa6 build\kernel\src\ipc.o
                0x00000000000042fa                rt_mutex_getprioceiling
 .text.rt_mutex_create
                0x00000000000043a0       0x80 build\kernel\src\ipc.o
                0x00000000000043a0                rt_mutex_create
 *fill*         0x0000000000004420        0x0 
 .rodata.rt_mutex_delete.str1.4
                0x0000000000004420       0x3d build\kernel\src\ipc.o
 *fill*         0x000000000000445d        0x1 
 .text.rt_mutex_delete
                0x000000000000445e       0xa4 build\kernel\src\ipc.o
                0x000000000000445e                rt_mutex_delete
 .text.rt_mutex_take
                0x0000000000004502       0x10 build\kernel\src\ipc.o
                0x0000000000004502                rt_mutex_take
 .text.rt_mutex_take_interruptible
                0x0000000000004512       0x10 build\kernel\src\ipc.o
                0x0000000000004512                rt_mutex_take_interruptible
 .text.rt_mutex_take_killable
                0x0000000000004522       0x10 build\kernel\src\ipc.o
                0x0000000000004522                rt_mutex_take_killable
 .text.rt_mutex_trytake
                0x0000000000004532       0x10 build\kernel\src\ipc.o
                0x0000000000004532                rt_mutex_trytake
 *fill*         0x0000000000004542        0x2 
 .rodata.rt_mutex_release.str1.4
                0x0000000000004544       0x2a build\kernel\src\ipc.o
 .text.rt_mutex_release
                0x000000000000456e      0x220 build\kernel\src\ipc.o
                0x000000000000456e                rt_mutex_release
 .text.rt_mutex_control
                0x000000000000478e        0x4 build\kernel\src\ipc.o
                0x000000000000478e                rt_mutex_control
 .text.rt_event_init
                0x0000000000004792       0x78 build\kernel\src\ipc.o
                0x0000000000004792                rt_event_init
 *fill*         0x000000000000480a        0x2 
 .rodata.rt_event_detach.str1.4
                0x000000000000480c       0x31 build\kernel\src\ipc.o
 *fill*         0x000000000000483d        0x1 
 .text.rt_event_detach
                0x000000000000483e       0xa0 build\kernel\src\ipc.o
                0x000000000000483e                rt_event_detach
 .text.rt_event_create
                0x00000000000048de       0x8a build\kernel\src\ipc.o
                0x00000000000048de                rt_event_create
 *fill*         0x0000000000004968        0x0 
 .rodata.rt_event_delete.str1.4
                0x0000000000004968       0x3d build\kernel\src\ipc.o
 *fill*         0x00000000000049a5        0x1 
 .text.rt_event_delete
                0x00000000000049a6       0xc2 build\kernel\src\ipc.o
                0x00000000000049a6                rt_event_delete
 .text.rt_event_send
                0x0000000000004a68      0x15c build\kernel\src\ipc.o
                0x0000000000004a68                rt_event_send
 .text.rt_event_recv
                0x0000000000004bc4       0x10 build\kernel\src\ipc.o
                0x0000000000004bc4                rt_event_recv
 .text.rt_event_recv_interruptible
                0x0000000000004bd4       0x10 build\kernel\src\ipc.o
                0x0000000000004bd4                rt_event_recv_interruptible
 .text.rt_event_recv_killable
                0x0000000000004be4       0x10 build\kernel\src\ipc.o
                0x0000000000004be4                rt_event_recv_killable
 .text.rt_event_control
                0x0000000000004bf4       0x9a build\kernel\src\ipc.o
                0x0000000000004bf4                rt_event_control
 .text.rt_mb_init
                0x0000000000004c8e       0xa0 build\kernel\src\ipc.o
                0x0000000000004c8e                rt_mb_init
 *fill*         0x0000000000004d2e        0x2 
 .rodata.rt_mb_detach.str1.4
                0x0000000000004d30       0x2e build\kernel\src\ipc.o
 .text.rt_mb_detach
                0x0000000000004d5e       0xb2 build\kernel\src\ipc.o
                0x0000000000004d5e                rt_mb_detach
 .text.rt_mb_create
                0x0000000000004e10       0xc4 build\kernel\src\ipc.o
                0x0000000000004e10                rt_mb_create
 *fill*         0x0000000000004ed4        0x0 
 .rodata.rt_mb_delete.str1.4
                0x0000000000004ed4       0x3a build\kernel\src\ipc.o
 .text.rt_mb_delete
                0x0000000000004f0e       0xdc build\kernel\src\ipc.o
                0x0000000000004f0e                rt_mb_delete
 .text.rt_mb_send_wait
                0x0000000000004fea       0x10 build\kernel\src\ipc.o
                0x0000000000004fea                rt_mb_send_wait
 .text.rt_mb_send_wait_interruptible
                0x0000000000004ffa       0x10 build\kernel\src\ipc.o
                0x0000000000004ffa                rt_mb_send_wait_interruptible
 .text.rt_mb_send_wait_killable
                0x000000000000500a       0x10 build\kernel\src\ipc.o
                0x000000000000500a                rt_mb_send_wait_killable
 .text.rt_mb_send
                0x000000000000501a       0x10 build\kernel\src\ipc.o
                0x000000000000501a                rt_mb_send
 .text.rt_mb_send_interruptible
                0x000000000000502a       0x10 build\kernel\src\ipc.o
                0x000000000000502a                rt_mb_send_interruptible
 .text.rt_mb_send_killable
                0x000000000000503a       0x10 build\kernel\src\ipc.o
                0x000000000000503a                rt_mb_send_killable
 .text.rt_mb_urgent
                0x000000000000504a       0xf8 build\kernel\src\ipc.o
                0x000000000000504a                rt_mb_urgent
 .text.rt_mb_recv
                0x0000000000005142       0x10 build\kernel\src\ipc.o
                0x0000000000005142                rt_mb_recv
 .text.rt_mb_recv_interruptible
                0x0000000000005152       0x10 build\kernel\src\ipc.o
                0x0000000000005152                rt_mb_recv_interruptible
 .text.rt_mb_recv_killable
                0x0000000000005162       0x10 build\kernel\src\ipc.o
                0x0000000000005162                rt_mb_recv_killable
 .text.rt_mb_control
                0x0000000000005172       0xae build\kernel\src\ipc.o
                0x0000000000005172                rt_mb_control
 .text.rt_mq_init
                0x0000000000005220       0xe2 build\kernel\src\ipc.o
                0x0000000000005220                rt_mq_init
 *fill*         0x0000000000005302        0x2 
 .rodata.rt_mq_detach.str1.4
                0x0000000000005304       0x2e build\kernel\src\ipc.o
 .text.rt_mq_detach
                0x0000000000005332       0xb2 build\kernel\src\ipc.o
                0x0000000000005332                rt_mq_detach
 .text.rt_mq_create
                0x00000000000053e4       0xfa build\kernel\src\ipc.o
                0x00000000000053e4                rt_mq_create
 *fill*         0x00000000000054de        0x2 
 .rodata.rt_mq_delete.str1.4
                0x00000000000054e0       0x3a build\kernel\src\ipc.o
 .text.rt_mq_delete
                0x000000000000551a       0xdc build\kernel\src\ipc.o
                0x000000000000551a                rt_mq_delete
 .text.rt_mq_send_wait
                0x00000000000055f6       0x14 build\kernel\src\ipc.o
                0x00000000000055f6                rt_mq_send_wait
 .text.rt_mq_send_wait_interruptible
                0x000000000000560a       0x14 build\kernel\src\ipc.o
                0x000000000000560a                rt_mq_send_wait_interruptible
 .text.rt_mq_send_wait_killable
                0x000000000000561e       0x14 build\kernel\src\ipc.o
                0x000000000000561e                rt_mq_send_wait_killable
 .text.rt_mq_send
                0x0000000000005632       0x10 build\kernel\src\ipc.o
                0x0000000000005632                rt_mq_send
 .text.rt_mq_send_interruptible
                0x0000000000005642       0x10 build\kernel\src\ipc.o
                0x0000000000005642                rt_mq_send_interruptible
 .text.rt_mq_send_killable
                0x0000000000005652       0x10 build\kernel\src\ipc.o
                0x0000000000005652                rt_mq_send_killable
 .text.rt_mq_urgent
                0x0000000000005662      0x16e build\kernel\src\ipc.o
                0x0000000000005662                rt_mq_urgent
 .text.rt_mq_recv
                0x00000000000057d0       0x14 build\kernel\src\ipc.o
                0x00000000000057d0                rt_mq_recv
 .text.rt_mq_recv_interruptible
                0x00000000000057e4       0x14 build\kernel\src\ipc.o
                0x00000000000057e4                rt_mq_recv_interruptible
 .text.rt_mq_recv_killable
                0x00000000000057f8       0x14 build\kernel\src\ipc.o
                0x00000000000057f8                rt_mq_recv_killable
 .text.rt_mq_control
                0x000000000000580c       0xc2 build\kernel\src\ipc.o
                0x000000000000580c                rt_mq_control
 *fill*         0x00000000000058ce        0x2 
 .rodata.__FUNCTION__.0
                0x00000000000058d0        0xe build\kernel\src\ipc.o
 *fill*         0x00000000000058de        0x2 
 .rodata.__FUNCTION__.1
                0x00000000000058e0        0xc build\kernel\src\ipc.o
 .rodata.__FUNCTION__.10
                0x00000000000058ec        0xd build\kernel\src\ipc.o
 *fill*         0x00000000000058f9        0x3 
 .rodata.__FUNCTION__.11
                0x00000000000058fc       0x11 build\kernel\src\ipc.o
 *fill*         0x000000000000590d        0x3 
 .rodata.__FUNCTION__.12
                0x0000000000005910        0xd build\kernel\src\ipc.o
 *fill*         0x000000000000591d        0x3 
 .rodata.__FUNCTION__.13
                0x0000000000005920        0xd build\kernel\src\ipc.o
 *fill*         0x000000000000592d        0x3 
 .rodata.__FUNCTION__.14
                0x0000000000005930        0xd build\kernel\src\ipc.o
 *fill*         0x000000000000593d        0x3 
 .rodata.__FUNCTION__.15
                0x0000000000005940        0xb build\kernel\src\ipc.o
 *fill*         0x000000000000594b        0x1 
 .rodata.__FUNCTION__.16
                0x000000000000594c       0x11 build\kernel\src\ipc.o
 *fill*         0x000000000000595d        0x3 
 .rodata.__FUNCTION__.17
                0x0000000000005960        0xf build\kernel\src\ipc.o
 *fill*         0x000000000000596f        0x1 
 .rodata.__FUNCTION__.18
                0x0000000000005970        0xe build\kernel\src\ipc.o
 *fill*         0x000000000000597e        0x2 
 .rodata.__FUNCTION__.19
                0x0000000000005980       0x10 build\kernel\src\ipc.o
 .rodata.__FUNCTION__.2
                0x0000000000005990        0xd build\kernel\src\ipc.o
 *fill*         0x000000000000599d        0x3 
 .rodata.__FUNCTION__.20
                0x00000000000059a0       0x10 build\kernel\src\ipc.o
 .rodata.__FUNCTION__.21
                0x00000000000059b0       0x10 build\kernel\src\ipc.o
 .rodata.__FUNCTION__.22
                0x00000000000059c0        0xe build\kernel\src\ipc.o
 *fill*         0x00000000000059ce        0x2 
 .rodata.__FUNCTION__.23
                0x00000000000059d0       0x11 build\kernel\src\ipc.o
 *fill*         0x00000000000059e1        0x3 
 .rodata.__FUNCTION__.24
                0x00000000000059e4        0xf build\kernel\src\ipc.o
 *fill*         0x00000000000059f3        0x1 
 .rodata.__FUNCTION__.25
                0x00000000000059f4       0x10 build\kernel\src\ipc.o
 .rodata.__FUNCTION__.26
                0x0000000000005a04       0x10 build\kernel\src\ipc.o
 .rodata.__FUNCTION__.27
                0x0000000000005a14       0x18 build\kernel\src\ipc.o
 .rodata.__FUNCTION__.28
                0x0000000000005a2c       0x18 build\kernel\src\ipc.o
 .rodata.__FUNCTION__.29
                0x0000000000005a44       0x15 build\kernel\src\ipc.o
 *fill*         0x0000000000005a59        0x3 
 .rodata.__FUNCTION__.3
                0x0000000000005a5c       0x11 build\kernel\src\ipc.o
 *fill*         0x0000000000005a6d        0x3 
 .rodata.__FUNCTION__.30
                0x0000000000005a70       0x10 build\kernel\src\ipc.o
 .rodata.__FUNCTION__.31
                0x0000000000005a80        0xe build\kernel\src\ipc.o
 *fill*         0x0000000000005a8e        0x2 
 .rodata.__FUNCTION__.32
                0x0000000000005a90        0xf build\kernel\src\ipc.o
 *fill*         0x0000000000005a9f        0x1 
 .rodata.__FUNCTION__.33
                0x0000000000005aa0        0xf build\kernel\src\ipc.o
 *fill*         0x0000000000005aaf        0x1 
 .rodata.__FUNCTION__.34
                0x0000000000005ab0        0xd build\kernel\src\ipc.o
 *fill*         0x0000000000005abd        0x3 
 .rodata.__FUNCTION__.35
                0x0000000000005ac0        0xe build\kernel\src\ipc.o
 *fill*         0x0000000000005ace        0x2 
 .rodata.__FUNCTION__.36
                0x0000000000005ad0        0xe build\kernel\src\ipc.o
 *fill*         0x0000000000005ade        0x2 
 .rodata.__FUNCTION__.37
                0x0000000000005ae0        0xe build\kernel\src\ipc.o
 *fill*         0x0000000000005aee        0x2 
 .rodata.__FUNCTION__.38
                0x0000000000005af0        0xc build\kernel\src\ipc.o
 .rodata.__FUNCTION__.39
                0x0000000000005afc       0x15 build\kernel\src\ipc.o
 *fill*         0x0000000000005b11        0x3 
 .rodata.__FUNCTION__.4
                0x0000000000005b14        0xd build\kernel\src\ipc.o
 *fill*         0x0000000000005b21        0x3 
 .rodata.__FUNCTION__.40
                0x0000000000005b24       0x15 build\kernel\src\ipc.o
 *fill*         0x0000000000005b39        0x3 
 .rodata.__FUNCTION__.5
                0x0000000000005b3c        0xd build\kernel\src\ipc.o
 *fill*         0x0000000000005b49        0x3 
 .rodata.__FUNCTION__.6
                0x0000000000005b4c        0xd build\kernel\src\ipc.o
 *fill*         0x0000000000005b59        0x3 
 .rodata.__FUNCTION__.7
                0x0000000000005b5c        0xb build\kernel\src\ipc.o
 *fill*         0x0000000000005b67        0x1 
 .rodata.__FUNCTION__.8
                0x0000000000005b68        0xe build\kernel\src\ipc.o
 *fill*         0x0000000000005b76        0x2 
 .rodata.__FUNCTION__.9
                0x0000000000005b78        0xc build\kernel\src\ipc.o
 *thread.o(.text .text* .rodata .rodata*)
 .text          0x0000000000005b84        0x0 build\kernel\src\thread.o
 .rodata._thread_set_suspend_state.str1.4
                0x0000000000005b84       0x16 build\kernel\src\thread.o
 .text._thread_set_suspend_state
                0x0000000000005b84       0x6a build\kernel\src\thread.o
 .text._thread_init
                0x0000000000005bee       0xb2 build\kernel\src\thread.o
 .rodata._thread_timeout.str1.4
                0x0000000000005ca0       0x69 build\kernel\src\thread.o
 *fill*         0x0000000000005d09        0x1 
 .text._thread_timeout
                0x0000000000005d0a       0xa2 build\kernel\src\thread.o
 .text._thread_detach_from_mutex
                0x0000000000005dac       0x7a build\kernel\src\thread.o
 .text.rt_thread_suspend_sethook
                0x0000000000005e26        0xa build\kernel\src\thread.o
                0x0000000000005e26                rt_thread_suspend_sethook
 .text.rt_thread_resume_sethook
                0x0000000000005e30        0xa build\kernel\src\thread.o
                0x0000000000005e30                rt_thread_resume_sethook
 *fill*         0x0000000000005e3a        0x2 
 .rodata.rt_thread_init.str1.4
                0x0000000000005e3c       0x22 build\kernel\src\thread.o
 .text.rt_thread_init
                0x0000000000005e5e       0xb4 build\kernel\src\thread.o
                0x0000000000005e5e                rt_thread_init
 .text.rt_thread_self
                0x0000000000005f12       0x14 build\kernel\src\thread.o
                0x0000000000005f12                rt_thread_self
 *fill*         0x0000000000005f26        0x2 
 .rodata.rt_thread_close.str1.4
                0x0000000000005f28       0x32 build\kernel\src\thread.o
 .text.rt_thread_close
                0x0000000000005f5a       0x7e build\kernel\src\thread.o
                0x0000000000005f5a                rt_thread_close
 .text._thread_exit
                0x0000000000005fd8       0x4a build\kernel\src\thread.o
 .text._thread_detach
                0x0000000000006022       0x46 build\kernel\src\thread.o
 .rodata.rt_thread_detach.str1.4
                0x0000000000006068       0x2f build\kernel\src\thread.o
 *fill*         0x0000000000006097        0x1 
 .text.rt_thread_detach
                0x0000000000006098       0x6e build\kernel\src\thread.o
                0x0000000000006098                rt_thread_detach
 .text.rt_thread_create
                0x0000000000006106       0x84 build\kernel\src\thread.o
                0x0000000000006106                rt_thread_create
 *fill*         0x000000000000618a        0x2 
 .rodata.rt_thread_delete.str1.4
                0x000000000000618c       0x3b build\kernel\src\thread.o
 *fill*         0x00000000000061c7        0x1 
 .text.rt_thread_delete
                0x00000000000061c8       0x6e build\kernel\src\thread.o
                0x00000000000061c8                rt_thread_delete
 .text.rt_thread_yield
                0x0000000000006236       0x2c build\kernel\src\thread.o
                0x0000000000006236                rt_thread_yield
 *fill*         0x0000000000006262        0x2 
 .rodata.rt_thread_suspend_to_list.str1.4
                0x0000000000006264       0x1b build\kernel\src\thread.o
 *fill*         0x000000000000627f        0x1 
 .text.rt_thread_suspend_to_list
                0x0000000000006280      0x108 build\kernel\src\thread.o
                0x0000000000006280                rt_thread_suspend_to_list
 .text.rt_thread_suspend_with_flag
                0x0000000000006388       0x14 build\kernel\src\thread.o
                0x0000000000006388                rt_thread_suspend_with_flag
 .rodata._thread_sleep.str1.4
                0x000000000000639c       0x8b build\kernel\src\thread.o
 .text._thread_sleep
                0x000000000000639c      0x14a build\kernel\src\thread.o
 .text.rt_thread_delay
                0x00000000000064e6        0xe build\kernel\src\thread.o
                0x00000000000064e6                rt_thread_delay
 .text.rt_thread_mdelay
                0x00000000000064f4       0x12 build\kernel\src\thread.o
                0x00000000000064f4                rt_thread_mdelay
 *fill*         0x0000000000006506        0x2 
 .rodata.rt_thread_delay_until.str1.4
                0x0000000000006508       0x10 build\kernel\src\thread.o
 .text.rt_thread_delay_until
                0x0000000000006518       0xea build\kernel\src\thread.o
                0x0000000000006518                rt_thread_delay_until
 .text.rt_thread_suspend
                0x0000000000006602       0x10 build\kernel\src\thread.o
                0x0000000000006602                rt_thread_suspend
 .text.rt_thread_resume
                0x0000000000006612       0x96 build\kernel\src\thread.o
                0x0000000000006612                rt_thread_resume
 .rodata.rt_thread_startup.str1.4
                0x00000000000066a8       0x44 build\kernel\src\thread.o
 .text.rt_thread_startup
                0x00000000000066ec       0x7a build\kernel\src\thread.o
                0x00000000000066ec                rt_thread_startup
 .text.rt_thread_control
                0x0000000000006766       0xfe build\kernel\src\thread.o
                0x0000000000006766                rt_thread_control
 *fill*         0x0000000000006864        0x0 
 .rodata.rt_thread_control
                0x0000000000006864       0x18 build\kernel\src\thread.o
 .text.rt_thread_find
                0x000000000000687c       0x10 build\kernel\src\thread.o
                0x000000000000687c                rt_thread_find
 .text.rt_thread_get_name
                0x000000000000688c       0x14 build\kernel\src\thread.o
                0x000000000000688c                rt_thread_get_name
 .rodata.__FUNCTION__.0
                0x00000000000068a0       0x11 build\kernel\src\thread.o
 *fill*         0x00000000000068b1        0x3 
 .rodata.__FUNCTION__.1
                0x00000000000068b4       0x1a build\kernel\src\thread.o
 *fill*         0x00000000000068ce        0x2 
 .rodata.__FUNCTION__.10
                0x00000000000068d0       0x12 build\kernel\src\thread.o
 *fill*         0x00000000000068e2        0x2 
 .rodata.__FUNCTION__.11
                0x00000000000068e4       0x10 build\kernel\src\thread.o
 .rodata.__FUNCTION__.12
                0x00000000000068f4        0xf build\kernel\src\thread.o
 *fill*         0x0000000000006903        0x1 
 .rodata.__FUNCTION__.2
                0x0000000000006904       0x1a build\kernel\src\thread.o
 *fill*         0x000000000000691e        0x2 
 .rodata.__FUNCTION__.3
                0x0000000000006920       0x12 build\kernel\src\thread.o
 *fill*         0x0000000000006932        0x2 
 .rodata.__FUNCTION__.4
                0x0000000000006934       0x16 build\kernel\src\thread.o
 *fill*         0x000000000000694a        0x2 
 .rodata.__FUNCTION__.5
                0x000000000000694c        0xe build\kernel\src\thread.o
 *fill*         0x000000000000695a        0x2 
 .rodata.__FUNCTION__.6
                0x000000000000695c       0x11 build\kernel\src\thread.o
 *fill*         0x000000000000696d        0x3 
 .rodata.__FUNCTION__.7
                0x0000000000006970       0x11 build\kernel\src\thread.o
 *fill*         0x0000000000006981        0x3 
 .rodata.__FUNCTION__.8
                0x0000000000006984       0x11 build\kernel\src\thread.o
 *fill*         0x0000000000006995        0x3 
 .rodata.__FUNCTION__.9
                0x0000000000006998       0x10 build\kernel\src\thread.o
 *object.o(.text .text* .rodata .rodata*)
 .text          0x00000000000069a8        0x0 build\kernel\src\object.o
 .text._match_name
                0x00000000000069a8       0x3e build\kernel\src\object.o
 .text.rt_object_attach_sethook
                0x00000000000069e6        0xa build\kernel\src\object.o
                0x00000000000069e6                rt_object_attach_sethook
 .text.rt_object_detach_sethook
                0x00000000000069f0        0xa build\kernel\src\object.o
                0x00000000000069f0                rt_object_detach_sethook
 .text.rt_object_trytake_sethook
                0x00000000000069fa        0xa build\kernel\src\object.o
                0x00000000000069fa                rt_object_trytake_sethook
 .text.rt_object_take_sethook
                0x0000000000006a04        0xa build\kernel\src\object.o
                0x0000000000006a04                rt_object_take_sethook
 .text.rt_object_put_sethook
                0x0000000000006a0e        0xa build\kernel\src\object.o
                0x0000000000006a0e                rt_object_put_sethook
 .text.rt_object_get_information
                0x0000000000006a18       0x30 build\kernel\src\object.o
                0x0000000000006a18                rt_object_get_information
 .text.rt_object_get_length
                0x0000000000006a48       0x50 build\kernel\src\object.o
                0x0000000000006a48                rt_object_get_length
 .text.rt_object_get_pointers
                0x0000000000006a98       0x74 build\kernel\src\object.o
                0x0000000000006a98                rt_object_get_pointers
 .rodata.rt_object_init.str1.4
                0x0000000000006b0c       0xa8 build\kernel\src\object.o
                                         0xb0 (size before relaxing)
 .text.rt_object_init
                0x0000000000006bb4      0x148 build\kernel\src\object.o
                0x0000000000006bb4                rt_object_init
 *fill*         0x0000000000006cfc        0x0 
 .rodata.rt_object_detach.str1.4
                0x0000000000006cfc       0x12 build\kernel\src\object.o
 .text.rt_object_detach
                0x0000000000006d0e       0x8a build\kernel\src\object.o
                0x0000000000006d0e                rt_object_detach
 .rodata.rt_object_allocate.str1.4
                0x0000000000006d98       0x2a build\kernel\src\object.o
 .text.rt_object_allocate
                0x0000000000006d98      0x136 build\kernel\src\object.o
                0x0000000000006d98                rt_object_allocate
 *fill*         0x0000000000006ece        0x2 
 .rodata.rt_object_delete.str1.4
                0x0000000000006ed0       0x29 build\kernel\src\object.o
 *fill*         0x0000000000006ef9        0x1 
 .text.rt_object_delete
                0x0000000000006efa       0xae build\kernel\src\object.o
                0x0000000000006efa                rt_object_delete
 .text.rt_object_is_systemobject
                0x0000000000006fa8       0x36 build\kernel\src\object.o
                0x0000000000006fa8                rt_object_is_systemobject
 .text.rt_object_get_type
                0x0000000000006fde       0x30 build\kernel\src\object.o
                0x0000000000006fde                rt_object_get_type
 .text.rt_object_for_each
                0x000000000000700e       0xb0 build\kernel\src\object.o
                0x000000000000700e                rt_object_for_each
 .text.rt_object_find
                0x00000000000070be       0x5c build\kernel\src\object.o
                0x00000000000070be                rt_object_find
 .text.rt_object_get_name
                0x000000000000711a       0x3e build\kernel\src\object.o
                0x000000000000711a                rt_object_get_name
 .text.rt_custom_object_create
                0x0000000000007158       0x24 build\kernel\src\object.o
                0x0000000000007158                rt_custom_object_create
 .text.rt_custom_object_destroy
                0x000000000000717c       0x3e build\kernel\src\object.o
                0x000000000000717c                rt_custom_object_destroy
 *fill*         0x00000000000071ba        0x2 
 .rodata.__FUNCTION__.0
                0x00000000000071bc        0xf build\kernel\src\object.o
 *fill*         0x00000000000071cb        0x1 
 .rodata.__FUNCTION__.1
                0x00000000000071cc       0x13 build\kernel\src\object.o
 *fill*         0x00000000000071df        0x1 
 .rodata.__FUNCTION__.2
                0x00000000000071e0       0x13 build\kernel\src\object.o
 *fill*         0x00000000000071f3        0x1 
 .rodata.__FUNCTION__.3
                0x00000000000071f4       0x1a build\kernel\src\object.o
 *fill*         0x000000000000720e        0x2 
 .rodata.__FUNCTION__.4
                0x0000000000007210       0x11 build\kernel\src\object.o
 *fill*         0x0000000000007221        0x3 
 .rodata.__FUNCTION__.5
                0x0000000000007224       0x13 build\kernel\src\object.o
 *fill*         0x0000000000007237        0x1 
 .rodata.__FUNCTION__.6
                0x0000000000007238       0x11 build\kernel\src\object.o
 *fill*         0x0000000000007249        0x3 
 .rodata.__FUNCTION__.7
                0x000000000000724c        0xf build\kernel\src\object.o
 *timer.o(.text .text* .rodata .rodata*)
 *fill*         0x000000000000725b        0x1 
 .text          0x000000000000725c        0x0 build\kernel\src\timer.o
 .text._timer_init
                0x000000000000725c       0x30 build\kernel\src\timer.o
 .text._timer_list_next_timeout
                0x000000000000728c       0x14 build\kernel\src\timer.o
 .text._timer_start
                0x00000000000072a0       0xd6 build\kernel\src\timer.o
 .text._timer_check
                0x0000000000007376      0x116 build\kernel\src\timer.o
 .text._timer_thread_entry
                0x000000000000748c       0x28 build\kernel\src\timer.o
 .text.rt_timer_enter_sethook
                0x00000000000074b4        0xa build\kernel\src\timer.o
                0x00000000000074b4                rt_timer_enter_sethook
 .text.rt_timer_exit_sethook
                0x00000000000074be        0xa build\kernel\src\timer.o
                0x00000000000074be                rt_timer_exit_sethook
 .rodata.rt_timer_init.str1.4
                0x00000000000074c8       0x3f build\kernel\src\timer.o
 *fill*         0x0000000000007507        0x1 
 .text.rt_timer_init
                0x0000000000007508       0x98 build\kernel\src\timer.o
                0x0000000000007508                rt_timer_init
 .rodata.rt_timer_detach.str1.4
                0x00000000000075a0       0x66 build\kernel\src\timer.o
 .text.rt_timer_detach
                0x0000000000007606       0xd2 build\kernel\src\timer.o
                0x0000000000007606                rt_timer_detach
 .text.rt_timer_create
                0x00000000000076d8       0x7c build\kernel\src\timer.o
                0x00000000000076d8                rt_timer_create
 .rodata.rt_timer_delete.str1.4
                0x0000000000007754       0x36 build\kernel\src\timer.o
 .text.rt_timer_delete
                0x000000000000778a       0xd2 build\kernel\src\timer.o
                0x000000000000778a                rt_timer_delete
 .rodata.rt_timer_start.str1.4
                0x000000000000785c       0x3e build\kernel\src\timer.o
 .text.rt_timer_start
                0x000000000000785c       0xfe build\kernel\src\timer.o
                0x000000000000785c                rt_timer_start
 .text.rt_timer_stop
                0x000000000000795a       0xdc build\kernel\src\timer.o
                0x000000000000795a                rt_timer_stop
 *fill*         0x0000000000007a36        0x2 
 .rodata.rt_timer_control.str1.4
                0x0000000000007a38       0x26 build\kernel\src\timer.o
 .text.rt_timer_control
                0x0000000000007a5e      0x164 build\kernel\src\timer.o
                0x0000000000007a5e                rt_timer_control
 *fill*         0x0000000000007bc2        0x2 
 .rodata.rt_timer_control
                0x0000000000007bc4       0x28 build\kernel\src\timer.o
 .rodata.rt_timer_check.str1.4
                0x0000000000007bec       0x1c build\kernel\src\timer.o
 .text.rt_timer_check
                0x0000000000007bec       0x62 build\kernel\src\timer.o
                0x0000000000007bec                rt_timer_check
 .text.rt_timer_next_timeout_tick
                0x0000000000007c4e       0x7e build\kernel\src\timer.o
                0x0000000000007c4e                rt_timer_next_timeout_tick
 .text.rt_system_timer_init
                0x0000000000007ccc       0x34 build\kernel\src\timer.o
                0x0000000000007ccc                rt_system_timer_init
 .rodata.rt_system_timer_thread_init.str1.4
                0x0000000000007d00        0xe build\kernel\src\timer.o
 .text.rt_system_timer_thread_init
                0x0000000000007d0e       0x8c build\kernel\src\timer.o
                0x0000000000007d0e                rt_system_timer_thread_init
 *fill*         0x0000000000007d9a        0x2 
 .rodata.__FUNCTION__.0
                0x0000000000007d9c        0xf build\kernel\src\timer.o
 *fill*         0x0000000000007dab        0x1 
 .rodata.__FUNCTION__.1
                0x0000000000007dac       0x11 build\kernel\src\timer.o
 *fill*         0x0000000000007dbd        0x3 
 .rodata.__FUNCTION__.2
                0x0000000000007dc0        0xe build\kernel\src\timer.o
 *fill*         0x0000000000007dce        0x2 
 .rodata.__FUNCTION__.4
                0x0000000000007dd0        0xf build\kernel\src\timer.o
 *fill*         0x0000000000007ddf        0x1 
 .rodata.__FUNCTION__.5
                0x0000000000007de0       0x10 build\kernel\src\timer.o
 .rodata.__FUNCTION__.6
                0x0000000000007df0       0x10 build\kernel\src\timer.o
 .rodata.__FUNCTION__.7
                0x0000000000007e00       0x10 build\kernel\src\timer.o
 .rodata.__FUNCTION__.8
                0x0000000000007e10        0xe build\kernel\src\timer.o
 *mem.o(.text .text* .rodata .rodata*)
 .text          0x0000000000007e1e        0x0 build\kernel\src\mem.o
 *fill*         0x0000000000007e1e        0x2 
 .rodata.plug_holes.str1.4
                0x0000000000007e20       0x52 build\kernel\src\mem.o
 .text.plug_holes
                0x0000000000007e72       0xae build\kernel\src\mem.o
 .rodata.rt_smem_init.str1.4
                0x0000000000007f20       0x42 build\kernel\src\mem.o
 .text.rt_smem_init
                0x0000000000007f62       0xba build\kernel\src\mem.o
                0x0000000000007f62                rt_smem_init
 .rodata.rt_smem_detach.str1.4
                0x000000000000801c       0x62 build\kernel\src\mem.o
                                         0x72 (size before relaxing)
 .text.rt_smem_detach
                0x000000000000807e       0x70 build\kernel\src\mem.o
                0x000000000000807e                rt_smem_detach
 *fill*         0x00000000000080ee        0x2 
 .rodata.rt_smem_alloc.str1.4
                0x00000000000080f0      0x121 build\kernel\src\mem.o
 *fill*         0x0000000000008211        0x1 
 .text.rt_smem_alloc
                0x0000000000008212      0x1e8 build\kernel\src\mem.o
                0x0000000000008212                rt_smem_alloc
 *fill*         0x00000000000083fa        0x2 
 .rodata.rt_smem_free.str1.4
                0x00000000000083fc      0x187 build\kernel\src\mem.o
 *fill*         0x0000000000008583        0x1 
 .text.rt_smem_free
                0x0000000000008584      0x12e build\kernel\src\mem.o
                0x0000000000008584                rt_smem_free
 *fill*         0x00000000000086b2        0x2 
 .rodata.rt_smem_realloc.str1.4
                0x00000000000086b4       0x6f build\kernel\src\mem.o
 *fill*         0x0000000000008723        0x1 
 .text.rt_smem_realloc
                0x0000000000008724      0x1a2 build\kernel\src\mem.o
                0x0000000000008724                rt_smem_realloc
 *fill*         0x00000000000088c6        0x2 
 .rodata.__FUNCTION__.0
                0x00000000000088c8        0xd build\kernel\src\mem.o
 *fill*         0x00000000000088d5        0x3 
 .rodata.__FUNCTION__.1
                0x00000000000088d8        0xb build\kernel\src\mem.o
 *fill*         0x00000000000088e3        0x1 
 .rodata.__FUNCTION__.2
                0x00000000000088e4       0x10 build\kernel\src\mem.o
 .rodata.__FUNCTION__.3
                0x00000000000088f4        0xe build\kernel\src\mem.o
 *fill*         0x0000000000008902        0x2 
 .rodata.__FUNCTION__.4
                0x0000000000008904        0xf build\kernel\src\mem.o
 *mempool.o(.text .text* .rodata .rodata*)
 *fill*         0x0000000000008913        0x1 
 .text          0x0000000000008914        0x0 build\kernel\src\mempool.o
 .text.rt_mp_alloc_sethook
                0x0000000000008914        0xa build\kernel\src\mempool.o
                0x0000000000008914                rt_mp_alloc_sethook
 .text.rt_mp_free_sethook
                0x000000000000891e        0xa build\kernel\src\mempool.o
                0x000000000000891e                rt_mp_free_sethook
 .rodata.rt_mp_init.str1.4
                0x0000000000008928       0x4f build\kernel\src\mempool.o
 *fill*         0x0000000000008977        0x1 
 .text.rt_mp_init
                0x0000000000008978       0xfa build\kernel\src\mempool.o
                0x0000000000008978                rt_mp_init
 *fill*         0x0000000000008a72        0x2 
 .rodata.rt_mp_detach.str1.4
                0x0000000000008a74       0x63 build\kernel\src\mempool.o
 *fill*         0x0000000000008ad7        0x1 
 .text.rt_mp_detach
                0x0000000000008ad8       0xa0 build\kernel\src\mempool.o
                0x0000000000008ad8                rt_mp_detach
 .rodata.rt_mp_create.str1.4
                0x0000000000008b78       0x22 build\kernel\src\mempool.o
                                         0x4e (size before relaxing)
 .text.rt_mp_create
                0x0000000000008b9a       0xfa build\kernel\src\mempool.o
                0x0000000000008b9a                rt_mp_create
 *fill*         0x0000000000008c94        0x0 
 .rodata.rt_mp_delete.str1.4
                0x0000000000008c94       0x33 build\kernel\src\mempool.o
 *fill*         0x0000000000008cc7        0x1 
 .text.rt_mp_delete
                0x0000000000008cc8       0xd0 build\kernel\src\mempool.o
                0x0000000000008cc8                rt_mp_delete
 *fill*         0x0000000000008d98        0x0 
 .rodata.rt_mp_alloc.str1.4
                0x0000000000008d98       0x15 build\kernel\src\mempool.o
 *fill*         0x0000000000008dad        0x1 
 .text.rt_mp_alloc
                0x0000000000008dae      0x16c build\kernel\src\mempool.o
                0x0000000000008dae                rt_mp_alloc
 .text.rt_mp_free
                0x0000000000008f1a       0x8a build\kernel\src\mempool.o
                0x0000000000008f1a                rt_mp_free
 *fill*         0x0000000000008fa4        0x0 
 .rodata.__FUNCTION__.0
                0x0000000000008fa4        0xc build\kernel\src\mempool.o
 .rodata.__FUNCTION__.1
                0x0000000000008fb0        0xd build\kernel\src\mempool.o
 *fill*         0x0000000000008fbd        0x3 
 .rodata.__FUNCTION__.2
                0x0000000000008fc0        0xd build\kernel\src\mempool.o
 *fill*         0x0000000000008fcd        0x3 
 .rodata.__FUNCTION__.3
                0x0000000000008fd0        0xd build\kernel\src\mempool.o
 *fill*         0x0000000000008fdd        0x3 
 .rodata.__FUNCTION__.4
                0x0000000000008fe0        0xb build\kernel\src\mempool.o
 *drv_*.o(.text .text* .rodata .rodata*)
 *fill*         0x0000000000008feb        0x1 
 .text          0x0000000000008fec        0x0 build\libraries\drivers\drv_gpio.o
 .text.lookup_pin_irq_hdr_tbl
                0x0000000000008fec       0x30 build\libraries\drivers\drv_gpio.o
 .text.hpm_get_gpio_irq_num
                0x000000000000901c       0x2e build\libraries\drivers\drv_gpio.o
 .text.hpm_get_gpio_irq_priority
                0x000000000000904a       0x30 build\libraries\drivers\drv_gpio.o
 .text.hpm_gpio_isr
                0x000000000000907a       0x86 build\libraries\drivers\drv_gpio.o
 .text.hpm_pin_mode
                0x0000000000009100      0x142 build\libraries\drivers\drv_gpio.o
 *fill*         0x0000000000009242        0x2 
 .rodata.hpm_pin_mode
                0x0000000000009244       0x14 build\libraries\drivers\drv_gpio.o
 .text.hpm_pin_read
                0x0000000000009258       0x22 build\libraries\drivers\drv_gpio.o
 .text.hpm_pin_write
                0x000000000000927a       0x30 build\libraries\drivers\drv_gpio.o
 *fill*         0x00000000000092aa        0x2 
 .rodata.rt_hw_pin_init.str1.4
                0x00000000000092ac        0x4 build\libraries\drivers\drv_gpio.o
 .text.rt_hw_pin_init
                0x00000000000092b0       0x20 build\libraries\drivers\drv_gpio.o
                0x00000000000092b0                rt_hw_pin_init
 .text.hpm_pin_get
                0x00000000000092d0       0xaa build\libraries\drivers\drv_gpio.o
 .text.hpm_pin_irq_enable
                0x000000000000937a       0xd6 build\libraries\drivers\drv_gpio.o
 .text.hpm_pin_detach_irq
                0x0000000000009450       0x44 build\libraries\drivers\drv_gpio.o
 .text.hpm_pin_attach_irq
                0x0000000000009494       0x54 build\libraries\drivers\drv_gpio.o
 .rodata.hpm_gpio_irq_map
                0x00000000000094e8       0xa0 build\libraries\drivers\drv_gpio.o
 .rodata.hpm_pin_ops
                0x0000000000009588       0x20 build\libraries\drivers\drv_gpio.o
 .text          0x00000000000095a8        0x0 build\libraries\drivers\drv_uart_v2.o
 .text.uart_dma_tc_callback
                0x00000000000095a8       0x20 build\libraries\drivers\drv_uart_v2.o
 .text.uart_dma_htc_callback
                0x00000000000095c8       0x20 build\libraries\drivers\drv_uart_v2.o
 .text.uart_dma_abort_callback
                0x00000000000095e8       0x20 build\libraries\drivers\drv_uart_v2.o
 .text.uart_dma_error_callback
                0x0000000000009608       0x20 build\libraries\drivers\drv_uart_v2.o
 .text.uart_tx_done
                0x0000000000009628       0x14 build\libraries\drivers\drv_uart_v2.o
 .rodata.dma_recv_isr.str1.4
                0x000000000000963c       0x12 build\libraries\drivers\drv_uart_v2.o
 .text.dma_recv_isr
                0x000000000000964e       0xfa build\libraries\drivers\drv_uart_v2.o
 .rodata.hpm_uart_isr.str1.4
                0x0000000000009748       0x23 build\libraries\drivers\drv_uart_v2.o
 *fill*         0x000000000000976b        0x1 
 .text.hpm_uart_isr
                0x000000000000976c      0x1a0 build\libraries\drivers\drv_uart_v2.o
 .text.uart_rx_half_done
                0x000000000000990c       0x10 build\libraries\drivers\drv_uart_v2.o
 .text.uart_rx_done
                0x000000000000991c       0x10 build\libraries\drivers\drv_uart_v2.o
 .text.hpm_uart_transmit_dma
                0x000000000000992c       0x3a build\libraries\drivers\drv_uart_v2.o
 .text.hpm_uart_getc
                0x0000000000009966       0x26 build\libraries\drivers\drv_uart_v2.o
 .text.hpm_uart_putc
                0x000000000000998c       0x2c build\libraries\drivers\drv_uart_v2.o
 .rodata.hpm_uart_configure.str1.4
                0x00000000000099b8        0xf build\libraries\drivers\drv_uart_v2.o
 *fill*         0x00000000000099c7        0x1 
 .text.hpm_uart_configure
                0x00000000000099c8       0xf6 build\libraries\drivers\drv_uart_v2.o
 .text.hpm_uart_dma_register_channel
                0x0000000000009abe       0x34 build\libraries\drivers\drv_uart_v2.o
                0x0000000000009abe                hpm_uart_dma_register_channel
 *fill*         0x0000000000009af2        0x2 
 .rodata.hpm_uart_transmit.str1.4
                0x0000000000009af4       0x15 build\libraries\drivers\drv_uart_v2.o
 *fill*         0x0000000000009b09        0x1 
 .text.hpm_uart_transmit
                0x0000000000009b0a      0x16e build\libraries\drivers\drv_uart_v2.o
 .text.hpm_uart_dma_config
                0x0000000000009c78      0x180 build\libraries\drivers\drv_uart_v2.o
 *fill*         0x0000000000009df8        0x0 
 .rodata.hpm_uart_control.str1.4
                0x0000000000009df8       0x2a build\libraries\drivers\drv_uart_v2.o
 .text.hpm_uart_control
                0x0000000000009e22      0x40e build\libraries\drivers\drv_uart_v2.o
 .text.hpm_uart_dma_rx_init
                0x000000000000a230       0x90 build\libraries\drivers\drv_uart_v2.o
                0x000000000000a230                hpm_uart_dma_rx_init
 .text.hpm_uart_dma_tx_init
                0x000000000000a2c0       0x82 build\libraries\drivers\drv_uart_v2.o
                0x000000000000a2c0                hpm_uart_dma_tx_init
 .text.hpm_uart_config
                0x000000000000a342      0x126 build\libraries\drivers\drv_uart_v2.o
 .text.rt_hw_uart_init
                0x000000000000a468       0x68 build\libraries\drivers\drv_uart_v2.o
                0x000000000000a468                rt_hw_uart_init
 .rodata.str1.4
                0x000000000000a4d0        0xe build\libraries\drivers\drv_uart_v2.o
 *fill*         0x000000000000a4de        0x2 
 .rodata        0x000000000000a4e0       0x10 build\libraries\drivers\drv_uart_v2.o
 .rodata.__FUNCTION__.0
                0x000000000000a4f0       0x13 build\libraries\drivers\drv_uart_v2.o
 *fill*         0x000000000000a503        0x1 
 .rodata.__FUNCTION__.1
                0x000000000000a504       0x11 build\libraries\drivers\drv_uart_v2.o
 *fill*         0x000000000000a515        0x3 
 .rodata.__FUNCTION__.2
                0x000000000000a518       0x12 build\libraries\drivers\drv_uart_v2.o
 *fill*         0x000000000000a52a        0x2 
 .rodata.__FUNCTION__.4
                0x000000000000a52c        0xd build\libraries\drivers\drv_uart_v2.o
 *fill*         0x000000000000a539        0x3 
 .rodata.__FUNCTION__.5
                0x000000000000a53c        0xd build\libraries\drivers\drv_uart_v2.o
 *fill*         0x000000000000a549        0x3 
 .rodata.hpm_uart_ops
                0x000000000000a54c       0x14 build\libraries\drivers\drv_uart_v2.o
                0x000000000000a560                . = ALIGN (0x10)
 *fill*         0x000000000000a560        0x0 
                0x000000000000a560                __ramfunc_end__ = .

.text           0x00000000800033b0    0x11328
                0x00000000800033b0                . = ALIGN (0x10)
 *(.text)
 .text          0x00000000800033b0       0x16 c:/rt-threadstudio/repo/extract/toolchain_support_packages/risc-v/risc-v-gcc-rv32/2022-04-12/bin/../lib/gcc/riscv32-unknown-elf/11.1.0/../../../../riscv32-unknown-elf/lib\libc_nano.a(lib_a-memcpy-asm.o)
                0x00000000800033b0                memcpy
 .text          0x00000000800033c6       0x10 c:/rt-threadstudio/repo/extract/toolchain_support_packages/risc-v/risc-v-gcc-rv32/2022-04-12/bin/../lib/gcc/riscv32-unknown-elf/11.1.0/../../../../riscv32-unknown-elf/lib\libc_nano.a(lib_a-memset.o)
                0x00000000800033c6                memset
 .text          0x00000000800033d6       0x18 c:/rt-threadstudio/repo/extract/toolchain_support_packages/risc-v/risc-v-gcc-rv32/2022-04-12/bin/../lib/gcc/riscv32-unknown-elf/11.1.0/../../../../riscv32-unknown-elf/lib\libc_nano.a(lib_a-strcmp.o)
                0x00000000800033d6                strcmp
 .text          0x00000000800033ee       0x26 c:/rt-threadstudio/repo/extract/toolchain_support_packages/risc-v/risc-v-gcc-rv32/2022-04-12/bin/../lib/gcc/riscv32-unknown-elf/11.1.0/../../../../riscv32-unknown-elf/lib\libc_nano.a(lib_a-memmove.o)
                0x00000000800033ee                memmove
 .text          0x0000000080003414      0x35e c:/rt-threadstudio/repo/extract/toolchain_support_packages/risc-v/risc-v-gcc-rv32/2022-04-12/bin/../lib/gcc/riscv32-unknown-elf/11.1.0\libgcc.a(_udivdi3.o)
                0x0000000080003414                __udivdi3
 .text          0x0000000080003772      0x622 c:/rt-threadstudio/repo/extract/toolchain_support_packages/risc-v/risc-v-gcc-rv32/2022-04-12/bin/../lib/gcc/riscv32-unknown-elf/11.1.0\libgcc.a(adddf3.o)
                0x0000000080003772                __adddf3
 .text          0x0000000080003d94      0x532 c:/rt-threadstudio/repo/extract/toolchain_support_packages/risc-v/risc-v-gcc-rv32/2022-04-12/bin/../lib/gcc/riscv32-unknown-elf/11.1.0\libgcc.a(divdf3.o)
                0x0000000080003d94                __divdf3
 .text          0x00000000800042c6       0x6a c:/rt-threadstudio/repo/extract/toolchain_support_packages/risc-v/risc-v-gcc-rv32/2022-04-12/bin/../lib/gcc/riscv32-unknown-elf/11.1.0\libgcc.a(eqdf2.o)
                0x00000000800042c6                __nedf2
                0x00000000800042c6                __eqdf2
 .text          0x0000000080004330       0xa6 c:/rt-threadstudio/repo/extract/toolchain_support_packages/risc-v/risc-v-gcc-rv32/2022-04-12/bin/../lib/gcc/riscv32-unknown-elf/11.1.0\libgcc.a(gedf2.o)
                0x0000000080004330                __gedf2
                0x0000000080004330                __gtdf2
 .text          0x00000000800043d6       0xa6 c:/rt-threadstudio/repo/extract/toolchain_support_packages/risc-v/risc-v-gcc-rv32/2022-04-12/bin/../lib/gcc/riscv32-unknown-elf/11.1.0\libgcc.a(ledf2.o)
                0x00000000800043d6                __ledf2
                0x00000000800043d6                __ltdf2
 .text          0x000000008000447c      0x476 c:/rt-threadstudio/repo/extract/toolchain_support_packages/risc-v/risc-v-gcc-rv32/2022-04-12/bin/../lib/gcc/riscv32-unknown-elf/11.1.0\libgcc.a(muldf3.o)
                0x000000008000447c                __muldf3
 .text          0x00000000800048f2      0x634 c:/rt-threadstudio/repo/extract/toolchain_support_packages/risc-v/risc-v-gcc-rv32/2022-04-12/bin/../lib/gcc/riscv32-unknown-elf/11.1.0\libgcc.a(subdf3.o)
                0x00000000800048f2                __subdf3
 .text          0x0000000080004f26       0x38 c:/rt-threadstudio/repo/extract/toolchain_support_packages/risc-v/risc-v-gcc-rv32/2022-04-12/bin/../lib/gcc/riscv32-unknown-elf/11.1.0\libgcc.a(unorddf2.o)
                0x0000000080004f26                __unorddf2
 .text          0x0000000080004f5e       0x66 c:/rt-threadstudio/repo/extract/toolchain_support_packages/risc-v/risc-v-gcc-rv32/2022-04-12/bin/../lib/gcc/riscv32-unknown-elf/11.1.0\libgcc.a(fixdfsi.o)
                0x0000000080004f5e                __fixdfsi
 .text          0x0000000080004fc4       0x5e c:/rt-threadstudio/repo/extract/toolchain_support_packages/risc-v/risc-v-gcc-rv32/2022-04-12/bin/../lib/gcc/riscv32-unknown-elf/11.1.0\libgcc.a(fixunsdfsi.o)
                0x0000000080004fc4                __fixunsdfsi
 .text          0x0000000080005022       0x66 c:/rt-threadstudio/repo/extract/toolchain_support_packages/risc-v/risc-v-gcc-rv32/2022-04-12/bin/../lib/gcc/riscv32-unknown-elf/11.1.0\libgcc.a(floatsidf.o)
                0x0000000080005022                __floatsidf
 .text          0x0000000080005088       0x4c c:/rt-threadstudio/repo/extract/toolchain_support_packages/risc-v/risc-v-gcc-rv32/2022-04-12/bin/../lib/gcc/riscv32-unknown-elf/11.1.0\libgcc.a(floatunsidf.o)
                0x0000000080005088                __floatunsidf
 .text          0x00000000800050d4       0xa4 c:/rt-threadstudio/repo/extract/toolchain_support_packages/risc-v/risc-v-gcc-rv32/2022-04-12/bin/../lib/gcc/riscv32-unknown-elf/11.1.0\libgcc.a(fixdfdi.o)
                0x00000000800050d4                __fixdfdi
 .text          0x0000000080005178      0x164 c:/rt-threadstudio/repo/extract/toolchain_support_packages/risc-v/risc-v-gcc-rv32/2022-04-12/bin/../lib/gcc/riscv32-unknown-elf/11.1.0\libgcc.a(floatdidf.o)
                0x0000000080005178                __floatdidf
 .text          0x00000000800052dc      0x15a c:/rt-threadstudio/repo/extract/toolchain_support_packages/risc-v/risc-v-gcc-rv32/2022-04-12/bin/../lib/gcc/riscv32-unknown-elf/11.1.0\libgcc.a(extenddftf2.o)
                0x00000000800052dc                __extenddftf2
 .text          0x0000000080005436      0x11a c:/rt-threadstudio/repo/extract/toolchain_support_packages/risc-v/risc-v-gcc-rv32/2022-04-12/bin/../lib/gcc/riscv32-unknown-elf/11.1.0\libgcc.a(truncdfsf2.o)
                0x0000000080005436                __truncdfsf2
 .text          0x0000000080005550      0x23e c:/rt-threadstudio/repo/extract/toolchain_support_packages/risc-v/risc-v-gcc-rv32/2022-04-12/bin/../lib/gcc/riscv32-unknown-elf/11.1.0\libgcc.a(trunctfdf2.o)
                0x0000000080005550                __trunctfdf2
 .text          0x000000008000578e       0x28 c:/rt-threadstudio/repo/extract/toolchain_support_packages/risc-v/risc-v-gcc-rv32/2022-04-12/bin/../lib/gcc/riscv32-unknown-elf/11.1.0\libgcc.a(_lshrdi3.o)
                0x000000008000578e                __lshrdi3
 .text          0x00000000800057b6       0x28 c:/rt-threadstudio/repo/extract/toolchain_support_packages/risc-v/risc-v-gcc-rv32/2022-04-12/bin/../lib/gcc/riscv32-unknown-elf/11.1.0\libgcc.a(_ashldi3.o)
                0x00000000800057b6                __ashldi3
 .text          0x00000000800057de       0x3c c:/rt-threadstudio/repo/extract/toolchain_support_packages/risc-v/risc-v-gcc-rv32/2022-04-12/bin/../lib/gcc/riscv32-unknown-elf/11.1.0\libgcc.a(_clzsi2.o)
                0x00000000800057de                __clzsi2
 *(.text*)
 .text.thread_entry
                0x000000008000581a       0x76 build\applications\main.o
                0x000000008000581a                thread_entry
 .text.monitor_led
                0x0000000080005890       0x50 build\applications\main.o
                0x0000000080005890                monitor_led
 .text.led      0x00000000800058e0       0x1c build\applications\main.o
                0x00000000800058e0                led
 .text.main     0x00000000800058fc       0x16 build\applications\main.o
                0x00000000800058fc                main
 .text.board_init_console
                0x0000000080005912        0x2 build\board\board.o
                0x0000000080005912                board_init_console
 .text.board_init_led_pins
                0x0000000080005914        0xc build\board\board.o
                0x0000000080005914                board_init_led_pins
 .text.board_init_pmp
                0x0000000080005920       0xb0 build\board\board.o
                0x0000000080005920                board_init_pmp
 .text.board_init_clock
                0x00000000800059d0      0x1ca build\board\board.o
                0x00000000800059d0                board_init_clock
 .text.init_uart_pins
                0x0000000080005b9a       0x2e build\board\pinmux.o
                0x0000000080005b9a                init_uart_pins
 .text.init_led_pins
                0x0000000080005bc8       0x4a build\board\pinmux.o
                0x0000000080005bc8                init_led_pins
 .text.rtt_os_tick_clock
                0x0000000080005c12       0x16 build\board\rtt_board.o
                0x0000000080005c12                rtt_os_tick_clock
 .text.rtt_board_init
                0x0000000080005c28       0x44 build\board\rtt_board.o
                0x0000000080005c28                rtt_board_init
 .text.app_init_led_pins
                0x0000000080005c6c        0xc build\board\rtt_board.o
                0x0000000080005c6c                app_init_led_pins
 .text.rt_hw_console_output
                0x0000000080005c78       0x22 build\board\rtt_board.o
                0x0000000080005c78                rt_hw_console_output
 .text.l1c_op   0x0000000080005c9a       0x38 build\libraries\hpm_sdk\arch\riscv\l1c\hpm_l1c_drv.o
 .text.l1c_ic_enable
                0x0000000080005cd2       0x12 build\libraries\hpm_sdk\arch\riscv\l1c\hpm_l1c_drv.o
                0x0000000080005cd2                l1c_ic_enable
 .text.l1c_dc_invalidate
                0x0000000080005ce4       0x5e build\libraries\hpm_sdk\arch\riscv\l1c\hpm_l1c_drv.o
                0x0000000080005ce4                l1c_dc_invalidate
 .text.l1c_dc_flush
                0x0000000080005d42       0x5e build\libraries\hpm_sdk\arch\riscv\l1c\hpm_l1c_drv.o
                0x0000000080005d42                l1c_dc_flush
 .text.l1c_dc_enable_writearound
                0x0000000080005da0        0x8 build\libraries\hpm_sdk\arch\riscv\l1c\hpm_l1c_drv.o
                0x0000000080005da0                l1c_dc_enable_writearound
 .text.l1c_dc_enable
                0x0000000080005da8       0x1e build\libraries\hpm_sdk\arch\riscv\l1c\hpm_l1c_drv.o
                0x0000000080005da8                l1c_dc_enable
 .text.dma_mgr_enter_critical
                0x0000000080005dc6       0x12 libraries\hpm_sdk\components\dma_mgr\hpm_dma_mgr.o
 .text.dma_mgr_exit_critical
                0x0000000080005dd8        0x6 libraries\hpm_sdk\components\dma_mgr\hpm_dma_mgr.o
 .text.dma_mgr_search_chn_context
                0x0000000080005dde       0x7a libraries\hpm_sdk\components\dma_mgr\hpm_dma_mgr.o